Archive member included to satisfy reference by file (symbol)

c:/program files/atollic/truestudio for stm32 9.0.1/armtools/bin/../lib/gcc/arm-atollic-eabi/6.3.1/../../../../arm-atollic-eabi/lib/armv7e-m/fpu\libm.a(lib_a-sf_floor.o)
                              src\utils.o (floorf)
c:/program files/atollic/truestudio for stm32 9.0.1/armtools/bin/../lib/gcc/arm-atollic-eabi/6.3.1/../../../../arm-atollic-eabi/lib/armv7e-m/fpu\libm.a(lib_a-wf_pow.o)
                              src\utils.o (powf)
c:/program files/atollic/truestudio for stm32 9.0.1/armtools/bin/../lib/gcc/arm-atollic-eabi/6.3.1/../../../../arm-atollic-eabi/lib/armv7e-m/fpu\libm.a(lib_a-ef_pow.o)
                              c:/program files/atollic/truestudio for stm32 9.0.1/armtools/bin/../lib/gcc/arm-atollic-eabi/6.3.1/../../../../arm-atollic-eabi/lib/armv7e-m/fpu\libm.a(lib_a-wf_pow.o) (__ieee754_powf)
c:/program files/atollic/truestudio for stm32 9.0.1/armtools/bin/../lib/gcc/arm-atollic-eabi/6.3.1/../../../../arm-atollic-eabi/lib/armv7e-m/fpu\libm.a(lib_a-ef_sqrt.o)
                              c:/program files/atollic/truestudio for stm32 9.0.1/armtools/bin/../lib/gcc/arm-atollic-eabi/6.3.1/../../../../arm-atollic-eabi/lib/armv7e-m/fpu\libm.a(lib_a-ef_pow.o) (__ieee754_sqrtf)
c:/program files/atollic/truestudio for stm32 9.0.1/armtools/bin/../lib/gcc/arm-atollic-eabi/6.3.1/../../../../arm-atollic-eabi/lib/armv7e-m/fpu\libm.a(lib_a-s_lib_ver.o)
                              c:/program files/atollic/truestudio for stm32 9.0.1/armtools/bin/../lib/gcc/arm-atollic-eabi/6.3.1/../../../../arm-atollic-eabi/lib/armv7e-m/fpu\libm.a(lib_a-wf_pow.o) (__fdlib_version)
c:/program files/atollic/truestudio for stm32 9.0.1/armtools/bin/../lib/gcc/arm-atollic-eabi/6.3.1/../../../../arm-atollic-eabi/lib/armv7e-m/fpu\libm.a(lib_a-s_matherr.o)
                              c:/program files/atollic/truestudio for stm32 9.0.1/armtools/bin/../lib/gcc/arm-atollic-eabi/6.3.1/../../../../arm-atollic-eabi/lib/armv7e-m/fpu\libm.a(lib_a-wf_pow.o) (matherr)
c:/program files/atollic/truestudio for stm32 9.0.1/armtools/bin/../lib/gcc/arm-atollic-eabi/6.3.1/../../../../arm-atollic-eabi/lib/armv7e-m/fpu\libm.a(lib_a-s_rint.o)
                              c:/program files/atollic/truestudio for stm32 9.0.1/armtools/bin/../lib/gcc/arm-atollic-eabi/6.3.1/../../../../arm-atollic-eabi/lib/armv7e-m/fpu\libm.a(lib_a-wf_pow.o) (rint)
c:/program files/atollic/truestudio for stm32 9.0.1/armtools/bin/../lib/gcc/arm-atollic-eabi/6.3.1/../../../../arm-atollic-eabi/lib/armv7e-m/fpu\libm.a(lib_a-sf_fabs.o)
                              c:/program files/atollic/truestudio for stm32 9.0.1/armtools/bin/../lib/gcc/arm-atollic-eabi/6.3.1/../../../../arm-atollic-eabi/lib/armv7e-m/fpu\libm.a(lib_a-ef_pow.o) (fabsf)
c:/program files/atollic/truestudio for stm32 9.0.1/armtools/bin/../lib/gcc/arm-atollic-eabi/6.3.1/../../../../arm-atollic-eabi/lib/armv7e-m/fpu\libm.a(lib_a-sf_finite.o)
                              c:/program files/atollic/truestudio for stm32 9.0.1/armtools/bin/../lib/gcc/arm-atollic-eabi/6.3.1/../../../../arm-atollic-eabi/lib/armv7e-m/fpu\libm.a(lib_a-wf_pow.o) (finitef)
c:/program files/atollic/truestudio for stm32 9.0.1/armtools/bin/../lib/gcc/arm-atollic-eabi/6.3.1/../../../../arm-atollic-eabi/lib/armv7e-m/fpu\libm.a(lib_a-sf_nan.o)
                              c:/program files/atollic/truestudio for stm32 9.0.1/armtools/bin/../lib/gcc/arm-atollic-eabi/6.3.1/../../../../arm-atollic-eabi/lib/armv7e-m/fpu\libm.a(lib_a-ef_pow.o) (nanf)
c:/program files/atollic/truestudio for stm32 9.0.1/armtools/bin/../lib/gcc/arm-atollic-eabi/6.3.1/../../../../arm-atollic-eabi/lib/armv7e-m/fpu\libm.a(lib_a-sf_scalbn.o)
                              c:/program files/atollic/truestudio for stm32 9.0.1/armtools/bin/../lib/gcc/arm-atollic-eabi/6.3.1/../../../../arm-atollic-eabi/lib/armv7e-m/fpu\libm.a(lib_a-ef_pow.o) (scalbnf)
c:/program files/atollic/truestudio for stm32 9.0.1/armtools/bin/../lib/gcc/arm-atollic-eabi/6.3.1/../../../../arm-atollic-eabi/lib/armv7e-m/fpu\libm.a(lib_a-sf_copysign.o)
                              c:/program files/atollic/truestudio for stm32 9.0.1/armtools/bin/../lib/gcc/arm-atollic-eabi/6.3.1/../../../../arm-atollic-eabi/lib/armv7e-m/fpu\libm.a(lib_a-sf_scalbn.o) (copysignf)
c:/program files/atollic/truestudio for stm32 9.0.1/armtools/bin/../lib/gcc/arm-atollic-eabi/6.3.1/../../../../arm-atollic-eabi/lib/armv7e-m/fpu\libc_nano.a(lib_a-init.o)
                              lib\startup_stm32f4xx.o (__libc_init_array)
c:/program files/atollic/truestudio for stm32 9.0.1/armtools/bin/../lib/gcc/arm-atollic-eabi/6.3.1/../../../../arm-atollic-eabi/lib/armv7e-m/fpu\libc_nano.a(lib_a-memcpy-stub.o)
                              helix\mp3dec.o (memcpy)
c:/program files/atollic/truestudio for stm32 9.0.1/armtools/bin/../lib/gcc/arm-atollic-eabi/6.3.1/../../../../arm-atollic-eabi/lib/armv7e-m/fpu\libc_nano.a(lib_a-memmove.o)
[...]
Memory Configuration

Name             Origin             Length             Attributes
FLASH            0x08000000         0x00100000         xr
RAM              0x20000000         0x00020000         xrw
MEMORY_B1        0x60000000         0x00000000         xr
CCMRAM           0x10000000         0x00010000         rw
*default*        0x00000000         0xffffffff

Linker script and memory map

LOAD c:/program files/atollic/truestudio for stm32 9.0.1/armtools/bin/../lib/gcc/arm-atollic-eabi/6.3.1/armv7e-m/fpu/crti.o
LOAD c:/program files/atollic/truestudio for stm32 9.0.1/armtools/bin/../lib/gcc/arm-atollic-eabi/6.3.1/armv7e-m/fpu/crtbegin.o
LOAD helix\mp3dec.o
LOAD helix\mp3tabs.o
LOAD helix\real\bitstream.o
LOAD helix\real\buffers.o
LOAD helix\real\dct32.o
LOAD helix\real\dequant.o
LOAD helix\real\dqchan.o
LOAD helix\real\huffman.o
LOAD helix\real\hufftabs.o
LOAD helix\real\imdct.o
LOAD helix\real\polyphase.o
LOAD helix\real\scalfact.o
LOAD helix\real\stproc.o
LOAD helix\real\subband.o
LOAD helix\real\trigtabs_fixpt.o
LOAD lib\src\peripherals\misc.o
LOAD lib\src\peripherals\stm32f4xx_adc.o
LOAD lib\src\peripherals\stm32f4xx_can.o
LOAD lib\src\peripherals\stm32f4xx_crc.o
LOAD lib\src\peripherals\stm32f4xx_cryp.o
LOAD lib\src\peripherals\stm32f4xx_cryp_aes.o
LOAD lib\src\peripherals\stm32f4xx_cryp_des.o
LOAD lib\src\peripherals\stm32f4xx_cryp_tdes.o
LOAD lib\src\peripherals\stm32f4xx_dac.o
LOAD lib\src\peripherals\stm32f4xx_dbgmcu.o
LOAD lib\src\peripherals\stm32f4xx_dcmi.o
LOAD lib\src\peripherals\stm32f4xx_dma.o
LOAD lib\src\peripherals\stm32f4xx_exti.o
LOAD lib\src\peripherals\stm32f4xx_flash.o
LOAD lib\src\peripherals\stm32f4xx_fsmc.o
LOAD lib\src\peripherals\stm32f4xx_gpio.o
LOAD lib\src\peripherals\stm32f4xx_hash.o
LOAD lib\src\peripherals\stm32f4xx_hash_md5.o
LOAD lib\src\peripherals\stm32f4xx_hash_sha1.o
LOAD lib\src\peripherals\stm32f4xx_i2c.o
LOAD lib\src\peripherals\stm32f4xx_iwdg.o
LOAD lib\src\peripherals\stm32f4xx_pwr.o
LOAD lib\src\peripherals\stm32f4xx_rcc.o
LOAD lib\src\peripherals\stm32f4xx_rng.o
LOAD lib\src\peripherals\stm32f4xx_rtc.o
LOAD lib\src\peripherals\stm32f4xx_sdio.o
LOAD lib\src\peripherals\stm32f4xx_spi.o
LOAD lib\src\peripherals\stm32f4xx_syscfg.o
LOAD lib\src\peripherals\stm32f4xx_tim.o
LOAD lib\src\peripherals\stm32f4xx_usart.o
LOAD lib\src\peripherals\stm32f4xx_wwdg.o
LOAD lib\startup_stm32f4xx.o
LOAD src\Audio.o
LOAD src\main.o
LOAD src\mp3_data.o
LOAD src\stm32f4xx_it.o
LOAD src\syscalls.o
LOAD src\system_stm32f4xx.o
LOAD src\utils.o
                0x00001000                malloc_getpagesize_P = 0x1000
START GROUP
LOAD c:/program files/atollic/truestudio for stm32 9.0.1/armtools/bin/../lib/gcc/arm-atollic-eabi/6.3.1/../../../../arm-atollic-eabi/lib/armv7e-m/fpu\libstdc++_nano.a
LOAD c:/program files/atollic/truestudio for stm32 9.0.1/armtools/bin/../lib/gcc/arm-atollic-eabi/6.3.1/../../../../arm-atollic-eabi/lib/armv7e-m/fpu\libsupc++_nano.a
END GROUP
LOAD c:/program files/atollic/truestudio for stm32 9.0.1/armtools/bin/../lib/gcc/arm-atollic-eabi/6.3.1/../../../../arm-atollic-eabi/lib/armv7e-m/fpu\libstdc++_nano.a
LOAD c:/program files/atollic/truestudio for stm32 9.0.1/armtools/bin/../lib/gcc/arm-atollic-eabi/6.3.1/../../../../arm-atollic-eabi/lib/armv7e-m/fpu\libm.a
LOAD c:/program files/atollic/truestudio for stm32 9.0.1/armtools/bin/../lib/gcc/arm-atollic-eabi/6.3.1/../../../../arm-atollic-eabi/lib/armv7e-m/fpu\libc_nano.a
START GROUP
LOAD c:/program files/atollic/truestudio for stm32 9.0.1/armtools/bin/../lib/gcc/arm-atollic-eabi/6.3.1/armv7e-m/fpu\libgcc.a
LOAD c:/program files/atollic/truestudio for stm32 9.0.1/armtools/bin/../lib/gcc/arm-atollic-eabi/6.3.1/../../../../arm-atollic-eabi/lib/armv7e-m/fpu\libc_nano.a
END GROUP
START GROUP
LOAD c:/program files/atollic/truestudio for stm32 9.0.1/armtools/bin/../lib/gcc/arm-atollic-eabi/6.3.1/armv7e-m/fpu\libgcc.a
LOAD c:/program files/atollic/truestudio for stm32 9.0.1/armtools/bin/../lib/gcc/arm-atollic-eabi/6.3.1/../../../../arm-atollic-eabi/lib/armv7e-m/fpu\libc_nano.a
LOAD c:/program files/atollic/truestudio for stm32 9.0.1/armtools/bin/../lib/gcc/arm-atollic-eabi/6.3.1/../../../../arm-atollic-eabi/lib/armv7e-m/fpu\libnosys.a
END GROUP
START GROUP
LOAD c:/program files/atollic/truestudio for stm32 9.0.1/armtools/bin/../lib/gcc/arm-atollic-eabi/6.3.1/armv7e-m/fpu\libgcc.a
LOAD c:/program files/atollic/truestudio for stm32 9.0.1/armtools/bin/../lib/gcc/arm-atollic-eabi/6.3.1/../../../../arm-atollic-eabi/lib/armv7e-m/fpu\libc_nano.a
LOAD c:/program files/atollic/truestudio for stm32 9.0.1/armtools/bin/../lib/gcc/arm-atollic-eabi/6.3.1/../../../../arm-atollic-eabi/lib/armv7e-m/fpu\libnosys.a
END GROUP
LOAD c:/program files/atollic/truestudio for stm32 9.0.1/armtools/bin/../lib/gcc/arm-atollic-eabi/6.3.1/armv7e-m/fpu/crtend.o
LOAD c:/program files/atollic/truestudio for stm32 9.0.1/armtools/bin/../lib/gcc/arm-atollic-eabi/6.3.1/armv7e-m/fpu/crtn.o
                0x20020000                _estack = 0x20020000
                0x00000000                _Min_Heap_Size = 0x0
                0x00000400                _Min_Stack_Size = 0x400

.isr_vector     0x08000000      0x188
                0x08000000                . = ALIGN (0x4)
 *(.isr_vector)
 .isr_vector    0x08000000      0x188 lib\startup_stm32f4xx.o
                0x08000000                g_pfnVectors
                0x08000188                . = ALIGN (0x4)

.text           0x08000190    0x174b8
                0x08000190                . = ALIGN (0x4)
 *(.text)
 .text          0x08000190        0x0 c:/program files/atollic/truestudio for stm32 9.0.1/armtools/bin/../lib/gcc/arm-atollic-eabi/6.3.1/armv7e-m/fpu/crti.o
 .text          0x08000190       0x40 c:/program files/atollic/truestudio for stm32 9.0.1/armtools/bin/../lib/gcc/arm-atollic-eabi/6.3.1/armv7e-m/fpu/crtbegin.o
 .text          0x080001d0      0x6bc helix\mp3dec.o
                0x080001d0                MP3InitDecoder
                0x080001e6                MP3FreeDecoder
                0x08000208                MP3FindSyncWord
                0x080002fa                MP3GetLastFrameInfo
                0x080003b8                MP3GetNextFrameInfo
                0x0800045c                MP3Decode
 .text          0x0800088c        0x0 helix\mp3tabs.o
 .text          0x0800088c      0x858 helix\real\bitstream.o
                0x0800088c                xmp3fixpt_SetBitstreamPointer
                0x0800099e                xmp3fixpt_GetBits
                0x08000a2e                xmp3fixpt_CalcBitsUsed
                0x08000a68                xmp3fixpt_CheckPadBit
                0x08000aa4                xmp3fixpt_UnpackFrameHeader
                0x08000da8                xmp3fixpt_UnpackSideInfo
 .text          0x080010e4      0x144 helix\real\buffers.o
                0x0800111c                xmp3fixpt_AllocateBuffers
                0x08001210                xmp3fixpt_FreeBuffers
 .text          0x08001228      0xe90 helix\real\dct32.o
                0x0800124c                xmp3fixpt_FDCT32
 .text          0x080020b8      0x3a0 helix\real\dequant.o
                0x080020d6                xmp3fixpt_Dequantize
 .text          0x08002458      0x5fc helix\real\dqchan.o
                0x080026fc                xmp3fixpt_DequantChannel
 .text          0x08002a54      0xb28 helix\real\huffman.o
                0x080032a4                xmp3fixpt_DecodeHuffman
 .text          0x0800357c        0x0 helix\real\hufftabs.o
 .text          0x0800357c     0x1bdc helix\real\imdct.o
                0x08004eb0                xmp3fixpt_IMDCT
 .text          0x08005158     0x1540 helix\real\polyphase.o
                0x0800520c                xmp3fixpt_PolyphaseMono
                0x0800598e                xmp3fixpt_PolyphaseStereo
 .text          0x08006698      0x960 helix\real\scalfact.o
                0x08006e42                xmp3fixpt_UnpackScaleFactors
 .text          0x08006ff8      0xa04 helix\real\stproc.o
                0x08007048                xmp3fixpt_MidSideProc
                0x080070fc                xmp3fixpt_IntensityProcMPEG1
                0x08007522                xmp3fixpt_IntensityProcMPEG2
 .text          0x080079fc      0x198 helix\real\subband.o
                0x080079fc                xmp3fixpt_Subband
 .text          0x08007b94        0x0 helix\real\trigtabs_fixpt.o
 .text          0x08007b94      0x194 lib\src\peripherals\misc.o
                0x08007b94                NVIC_PriorityGroupConfig
                0x08007bbc                NVIC_Init
                0x08007c80                NVIC_SetVectorTable
                0x08007cac                NVIC_SystemLPConfig
                0x08007cf0                SysTick_CLKSourceConfig
 .text          0x08007d28      0xa9c lib\src\peripherals\stm32f4xx_adc.o
                0x08007d28                ADC_DeInit
                0x08007d44                ADC_Init
                0x08007df0                ADC_StructInit
                0x08007e2e                ADC_CommonInit
                0x08007e80                ADC_CommonStructInit
                0x08007eac                ADC_Cmd
                0x08007ee4                ADC_AnalogWatchdogCmd
                0x08007f1e                ADC_AnalogWatchdogThresholdsConfig
                0x08007f46                ADC_AnalogWatchdogSingleChannelConfig
                0x08007f7e                ADC_TempSensorVrefintCmd
                0x08007fb8                ADC_VBATCmd
                0x08007ff4                ADC_RegularChannelConfig
                0x08008188                ADC_SoftwareStartConv
                0x080081a8                ADC_GetSoftwareStartConvStatus
                0x080081d8                ADC_EOCOnEachRegularChannelCmd
                0x08008210                ADC_ContinuousModeCmd
                0x08008248                ADC_DiscModeChannelCountConfig
                0x0800828c                ADC_DiscModeCmd
                0x080082c4                ADC_GetConversionValue
                0x080082de                ADC_GetMultiModeConversionValue
                0x080082f4                ADC_DMACmd
                0x0800832c                ADC_DMARequestAfterLastTransferCmd
                0x08008364                ADC_MultiModeDMARequestAfterLastTransferCmd
                0x080083a0                ADC_InjectedChannelConfig
                0x080084c2                ADC_InjectedSequencerLengthConfig
                0x08008506                ADC_SetInjectedOffset
                0x0800853a                ADC_ExternalTrigInjectedConvConfig
                0x08008570                ADC_ExternalTrigInjectedConvEdgeConfig
                0x080085a6                ADC_SoftwareStartInjectedConv
                0x080085c6                ADC_GetSoftwareStartInjectedConvCmdStatus
                0x080085f6                ADC_AutoInjectedConvCmd
                0x0800862e                ADC_InjectedDiscModeCmd
                0x08008666                ADC_GetInjectedConversionValue
                0x08008696                ADC_ITConfig
                0x080086e8                ADC_GetFlagStatus
                0x0800871c                ADC_ClearFlag
                0x0800873c                ADC_GetITStatus
                0x08008798                ADC_ClearITPendingBit
 .text          0x080087c4      0xfc0 lib\src\peripherals\stm32f4xx_can.o
                0x080087c4                CAN_DeInit
                0x0800880c                CAN_Init
                0x080089ae                CAN_FilterInit
                0x08008b24                CAN_StructInit
                0x08008b7a                CAN_SlaveStartBank
                0x08008bdc                CAN_DBGFreeze
                0x08008c14                CAN_TTComModeCmd
                0x08008cac                CAN_Transmit
                0x08008e48                CAN_TransmitStatus
                0x08008f1c                CAN_CancelTransmit
                0x08008f6e                CAN_Receive
                0x080090ea                CAN_FIFORelease
                0x08009122                CAN_MessagePending
                0x0800916c                CAN_OperatingModeRequest
                0x08009268                CAN_Sleep
                0x080092a2                CAN_WakeUp
                0x080092f8                CAN_GetLastErrorCode
                0x0800931e                CAN_GetReceiveErrorCounter
                0x08009340                CAN_GetLSBTransmitErrorCounter
                0x08009362                CAN_ITConfig
                0x0800939e                CAN_GetFlagStatus
                0x0800946c                CAN_ClearFlag
                0x080094e0                CAN_GetITStatus
                0x08009674                CAN_ClearITPendingBit
 .text          0x08009784       0xd0 lib\src\peripherals\stm32f4xx_crc.o
                0x08009784                CRC_ResetDR
                0x0800979c                CRC_CalcCRC
                0x080097c0                CRC_CalcBlockCRC
                0x08009804                CRC_GetCRC
                0x0800981c                CRC_SetIDRegister
                0x0800983c                CRC_GetIDRegister
 .text          0x08009854      0x518 lib\src\peripherals\stm32f4xx_cryp.o
                0x08009854                CRYP_DeInit
                0x0800986c                CRYP_Init
                0x0800990c                CRYP_StructInit
                0x08009938                CRYP_KeyInit
                0x08009990                CRYP_KeyStructInit
                0x080099d4                CRYP_IVInit
                0x08009a0c                CRYP_IVStructInit
                0x08009a38                CRYP_FIFOFlush
                0x08009a58                CRYP_Cmd
                0x08009a94                CRYP_DataIn
                0x08009ab4                CRYP_DataOut
                0x08009acc                CRYP_SaveContext
                0x08009bd0                CRYP_RestoreContext
                0x08009c5c                CRYP_DMACmd
                0x08009ca0                CRYP_ITConfig
                0x08009ce4                CRYP_GetITStatus
                0x08009d1c                CRYP_GetFlagStatus
 .text          0x08009d6c      0xe8a lib\src\peripherals\stm32f4xx_cryp_aes.o
                0x08009d6c                CRYP_AES_ECB
                0x0800a1b8                CRYP_AES_CBC
                0x0800a70e                CRYP_AES_CTR
 .text          0x0800abf6      0x2b2 lib\src\peripherals\stm32f4xx_cryp_des.o
                0x0800abf6                CRYP_DES_ECB
                0x0800ad28                CRYP_DES_CBC
 .text          0x0800aea8      0x3ca lib\src\peripherals\stm32f4xx_cryp_tdes.o
                0x0800aea8                CRYP_TDES_ECB
                0x0800b042                CRYP_TDES_CBC
 *fill*         0x0800b272        0x2 
 .text          0x0800b274      0x450 lib\src\peripherals\stm32f4xx_dac.o
                0x0800b274                DAC_DeInit
                0x0800b290                DAC_Init
                0x0800b2f8                DAC_StructInit
                0x0800b324                DAC_Cmd
                0x0800b370                DAC_SoftwareTriggerCmd
                0x0800b3c0                DAC_DualSoftwareTriggerCmd
                0x0800b3fc                DAC_WaveGenerationCmd
                0x0800b448                DAC_SetChannel1Data
                0x0800b480                DAC_SetChannel2Data
                0x0800b4b8                DAC_SetDualChannelData
                0x0800b510                DAC_GetDataOutputValue
                0x0800b544                DAC_DMACmd
                0x0800b594                DAC_ITConfig
                0x0800b5e0                DAC_GetFlagStatus
                0x0800b61c                DAC_ClearFlag
                0x0800b644                DAC_GetITStatus
                0x0800b69c                DAC_ClearITPendingBit
 .text          0x0800b6c4       0xf4 lib\src\peripherals\stm32f4xx_dbgmcu.o
                0x0800b6c4                DBGMCU_GetREVID
                0x0800b6dc                DBGMCU_GetDEVID
                0x0800b6f8                DBGMCU_Config
                0x0800b738                DBGMCU_APB1PeriphConfig
                0x0800b778                DBGMCU_APB2PeriphConfig
 .text          0x0800b7b8      0x3a4 lib\src\peripherals\stm32f4xx_dcmi.o
                0x0800b7b8                DCMI_DeInit
                0x0800b7f4                DCMI_Init
                0x0800b874                DCMI_StructInit
                0x0800b8b2                DCMI_CROPConfig
                0x0800b8f0                DCMI_CROPCmd
                0x0800b92c                DCMI_SetEmbeddedSynchroCodes
                0x0800b968                DCMI_JPEGCmd
                0x0800b9a4                DCMI_Cmd
                0x0800b9e0                DCMI_CaptureCmd
                0x0800ba1c                DCMI_ReadData
                0x0800ba34                DCMI_ITConfig
                0x0800ba78                DCMI_GetFlagStatus
                0x0800badc                DCMI_ClearFlag
                0x0800bafc                DCMI_GetITStatus
                0x0800bb3c                DCMI_ClearITPendingBit
 .text          0x0800bb5c      0x71c lib\src\peripherals\stm32f4xx_dma.o
                0x0800bb5c                DMA_DeInit
                0x0800bd04                DMA_Init
                0x0800bdb4                DMA_StructInit
                0x0800be22                DMA_Cmd
                0x0800be5a                DMA_PeriphIncOffsetSizeConfig
                0x0800be90                DMA_FlowControllerConfig
                0x0800bec6                DMA_SetCurrDataCounter
                0x0800bee4                DMA_GetCurrDataCounter
                0x0800befe                DMA_DoubleBufferModeConfig
                0x0800bf3c                DMA_DoubleBufferModeCmd
                0x0800bf74                DMA_MemoryTargetConfig
                0x0800bfa0                DMA_GetCurrentMemoryTarget
                0x0800bfd0                DMA_GetCmdStatus
                0x0800c000                DMA_GetFIFOStatus
                0x0800c024                DMA_GetFlagStatus
                0x0800c09c                DMA_ClearFlag
                0x0800c0f8                DMA_ITConfig
                0x0800c16c                DMA_GetITStatus
                0x0800c21c                DMA_ClearITPendingBit
 .text          0x0800c278      0x224 lib\src\peripherals\stm32f4xx_exti.o
                0x0800c278                EXTI_DeInit
                0x0800c2ac                EXTI_Init
                0x0800c390                EXTI_StructInit
                0x0800c3bc                EXTI_GenerateSWInterrupt
                0x0800c3e0                EXTI_GetFlagStatus
                0x0800c414                EXTI_ClearFlag
                0x0800c434                EXTI_GetITStatus
                0x0800c47c                EXTI_ClearITPendingBit
 .text          0x0800c49c      0x7c8 lib\src\peripherals\stm32f4xx_flash.o
                0x0800c49c                FLASH_SetLatency
                0x0800c4bc                FLASH_PrefetchBufferCmd
                0x0800c4f8                FLASH_InstructionCacheCmd
                0x0800c534                FLASH_DataCacheCmd
                0x0800c570                FLASH_InstructionCacheReset
                0x0800c590                FLASH_DataCacheReset
                0x0800c5b0                FLASH_Unlock
                0x0800c5e0                FLASH_Lock
                0x0800c600                FLASH_EraseSector
                0x0800c6c0                FLASH_EraseAllSectors
                0x0800c760                FLASH_ProgramDoubleWord
                0x0800c7d0                FLASH_ProgramWord
                0x0800c838                FLASH_ProgramHalfWord
                0x0800c8a4                FLASH_ProgramByte
                0x0800c90c                FLASH_OB_Unlock
                0x0800c940                FLASH_OB_Lock
                0x0800c960                FLASH_OB_WRPConfig
                0x0800c9bc                FLASH_OB_RDPConfig
                0x0800c9ec                FLASH_OB_UserConfig
                0x0800ca44                FLASH_OB_BORConfig
                0x0800ca80                FLASH_OB_Launch
                0x0800cab0                FLASH_OB_GetUser
                0x0800cacc                FLASH_OB_GetWRP
                0x0800cae4                FLASH_OB_GetRDP
                0x0800cb14                FLASH_OB_GetBOR
                0x0800cb34                FLASH_ITConfig
                0x0800cb74                FLASH_GetFlagStatus
                0x0800cba8                FLASH_ClearFlag
                0x0800cbc8                FLASH_GetStatus
                0x0800cc34                FLASH_WaitForLastOperation
 .text          0x0800cc64      0x968 lib\src\peripherals\stm32f4xx_fsmc.o
                0x0800cc64                FSMC_NORSRAMDeInit
                0x0800ccbc                FSMC_NORSRAMInit
                0x0800cdf4                FSMC_NORSRAMStructInit
                0x0800ceca                FSMC_NORSRAMCmd
                0x0800cf20                FSMC_NANDDeInit
                0x0800cf7c                FSMC_NANDInit
                0x0800d04c                FSMC_NANDStructInit
                0x0800d0ca                FSMC_NANDCmd
                0x0800d138                FSMC_NANDECCCmd
                0x0800d1a4                FSMC_GetECC
                0x0800d1dc                FSMC_PCCARDDeInit
                0x0800d214                FSMC_PCCARDInit
                0x0800d2c0                FSMC_PCCARDStructInit
                0x0800d346                FSMC_PCCARDCmd
                0x0800d384                FSMC_ITConfig
                0x0800d424                FSMC_GetFlagStatus
                0x0800d488                FSMC_ClearFlag
                0x0800d4e8                FSMC_GetITStatus
                0x0800d568                FSMC_ClearITPendingBit
 .text          0x0800d5cc      0x490 lib\src\peripherals\stm32f4xx_gpio.o
                0x0800d5cc                GPIO_DeInit
                0x0800d6ec                GPIO_Init
                0x0800d808                GPIO_StructInit
                0x0800d83c                GPIO_PinLockConfig
                0x0800d880                GPIO_ReadInputDataBit
                0x0800d8b4                GPIO_ReadInputData
                0x0800d8ce                GPIO_ReadOutputDataBit
                0x0800d902                GPIO_ReadOutputData
                0x0800d91c                GPIO_SetBits
                0x0800d93a                GPIO_ResetBits
                0x0800d958                GPIO_WriteBit
                0x0800d988                GPIO_Write
                0x0800d9a6                GPIO_ToggleBits
                0x0800d9ca                GPIO_PinAFConfig
 .text          0x0800da5c      0x3c8 lib\src\peripherals\stm32f4xx_hash.o
                0x0800da5c                HASH_DeInit
                0x0800da74                HASH_Init
                0x0800dae0                HASH_StructInit
                0x0800db0c                HASH_Reset
                0x0800db2c                HASH_SetLastWordValidBitsNbr
                0x0800db60                HASH_DataIn
                0x0800db80                HASH_GetInFIFOWordsNbr
                0x0800dba0                HASH_GetDigest
                0x0800dbe0                HASH_StartDigest
                0x0800dc00                HASH_SaveContext
                0x0800dc5c                HASH_RestoreContext
                0x0800dcc8                HASH_DMACmd
                0x0800dd04                HASH_ITConfig
                0x0800dd48                HASH_GetFlagStatus
                0x0800dd98                HASH_ClearFlag
                0x0800ddbc                HASH_GetITStatus
                0x0800de00                HASH_ClearITPendingBit
 .text          0x0800de24      0x32a lib\src\peripherals\stm32f4xx_hash_md5.o
                0x0800de24                HASH_MD5
                0x0800df3e                HMAC_MD5
 .text          0x0800e14e      0x356 lib\src\peripherals\stm32f4xx_hash_sha1.o
                0x0800e14e                HASH_SHA1
                0x0800e27e                HMAC_SHA1
 .text          0x0800e4a4      0x994 lib\src\peripherals\stm32f4xx_i2c.o
                0x0800e4a4                I2C_DeInit
                0x0800e518                I2C_Init
                0x0800e69c                I2C_StructInit
                0x0800e6da                I2C_Cmd
                0x0800e71a                I2C_GenerateSTART
                0x0800e75a                I2C_GenerateSTOP
                0x0800e79a                I2C_Send7bitAddress
                0x0800e7d6                I2C_AcknowledgeConfig
                0x0800e816                I2C_OwnAddress2Config
                0x0800e85a                I2C_DualAddressCmd
                0x0800e89a                I2C_GeneralCallCmd
                0x0800e8da                I2C_SoftwareResetCmd
                0x0800e91e                I2C_StretchClockCmd
                0x0800e95e                I2C_FastModeDutyCycleConfig
                0x0800e9a0                I2C_NACKPositionConfig
                0x0800e9e2                I2C_SMBusAlertConfig
                0x0800ea24                I2C_ARPCmd
                0x0800ea64                I2C_SendData
                0x0800ea84                I2C_ReceiveData
                0x0800eaa0                I2C_TransmitPEC
                0x0800eae0                I2C_PECPositionConfig
                0x0800eb22                I2C_CalculatePEC
                0x0800eb62                I2C_GetPEC
                0x0800eb82                I2C_DMACmd
                0x0800ebc2                I2C_DMALastTransferCmd
                0x0800ec02                I2C_ReadRegister
                0x0800ec30                I2C_ITConfig
                0x0800ec78                I2C_CheckEvent
                0x0800ecd8                I2C_GetLastEvent
                0x0800ed1c                I2C_GetFlagStatus
                0x0800ed82                I2C_ClearFlag
                0x0800edb0                I2C_GetITStatus
                0x0800ee0a                I2C_ClearITPendingBit
 .text          0x0800ee38       0xd0 lib\src\peripherals\stm32f4xx_iwdg.o
                0x0800ee38                IWDG_WriteAccessCmd
                0x0800ee58                IWDG_SetPrescaler
                0x0800ee78                IWDG_SetReload
                0x0800ee98                IWDG_ReloadCounter
                0x0800eeb4                IWDG_Enable
                0x0800eed0                IWDG_GetFlagStatus
 .text          0x0800ef08      0x228 lib\src\peripherals\stm32f4xx_pwr.o
                0x0800ef08                PWR_DeInit
                0x0800ef24                PWR_BackupAccessCmd
                0x0800ef44                PWR_PVDLevelConfig
                0x0800ef7c                PWR_PVDCmd
                0x0800ef9c                PWR_WakeUpPinCmd
                0x0800efbc                PWR_BackupRegulatorCmd
                0x0800efdc                PWR_MainRegulatorModeConfig
                0x0800f014                PWR_FlashPowerDownCmd
                0x0800f034                PWR_EnterSTOPMode
                0x0800f098                PWR_EnterSTANDBYMode
                0x0800f0d4                PWR_GetFlagStatus
                0x0800f108                PWR_ClearFlag
 .text          0x0800f130      0xadc lib\src\peripherals\stm32f4xx_rcc.o
                0x0800f130                RCC_DeInit
                0x0800f180                RCC_HSEConfig
                0x0800f1a8                RCC_WaitForHSEStartUp
                0x0800f1f8                RCC_AdjustHSICalibrationValue
                0x0800f234                RCC_HSICmd
                0x0800f254                RCC_LSEConfig
                0x0800f298                RCC_LSICmd
                0x0800f2b8                RCC_PLLConfig
                0x0800f2f8                RCC_PLLCmd
                0x0800f318                RCC_PLLI2SConfig
                0x0800f344                RCC_PLLI2SCmd
                0x0800f364                RCC_ClockSecuritySystemCmd
                0x0800f384                RCC_MCO1Config
                0x0800f3c4                RCC_MCO2Config
                0x0800f404                RCC_SYSCLKConfig
                0x0800f43c                RCC_GetSYSCLKSource
                0x0800f45c                RCC_HCLKConfig
                0x0800f494                RCC_PCLK1Config
                0x0800f4cc                RCC_PCLK2Config
                0x0800f508                RCC_GetClocksFreq
                0x0800f658                RCC_RTCCLKConfig
                0x0800f6b4                RCC_RTCCLKCmd
                0x0800f6d4                RCC_BackupResetCmd
                0x0800f6f4                RCC_I2SCLKConfig
                0x0800f714                RCC_AHB1PeriphClockCmd
                0x0800f754                RCC_AHB2PeriphClockCmd
                0x0800f794                RCC_AHB3PeriphClockCmd
                0x0800f7d4                RCC_APB1PeriphClockCmd
                0x0800f814                RCC_APB2PeriphClockCmd
                0x0800f854                RCC_AHB1PeriphResetCmd
                0x0800f894                RCC_AHB2PeriphResetCmd
                0x0800f8d4                RCC_AHB3PeriphResetCmd
                0x0800f914                RCC_APB1PeriphResetCmd
                0x0800f954                RCC_APB2PeriphResetCmd
                0x0800f994                RCC_AHB1PeriphClockLPModeCmd
                0x0800f9d4                RCC_AHB2PeriphClockLPModeCmd
                0x0800fa14                RCC_AHB3PeriphClockLPModeCmd
                0x0800fa54                RCC_APB1PeriphClockLPModeCmd
                0x0800fa94                RCC_APB2PeriphClockLPModeCmd
                0x0800fad4                RCC_ITConfig
                0x0800fb20                RCC_GetFlagStatus
                0x0800fb94                RCC_ClearFlag
                0x0800fbb4                RCC_GetITStatus
                0x0800fbec                RCC_ClearITPendingBit
 .text          0x0800fc0c      0x160 lib\src\peripherals\stm32f4xx_rng.o
                0x0800fc0c                RNG_DeInit
                0x0800fc24                RNG_Cmd
                0x0800fc60                RNG_GetRandomNumber
                0x0800fc78                RNG_ITConfig
                0x0800fcb4                RNG_GetFlagStatus
                0x0800fcec                RNG_ClearFlag
                0x0800fd10                RNG_GetITStatus
                0x0800fd48                RNG_ClearITPendingBit
 .text          0x0800fd6c     0x1550 lib\src\peripherals\stm32f4xx_rtc.o
                0x0800fd6c                RTC_DeInit
                0x0800fe60                RTC_Init
                0x0800fed8                RTC_StructInit
                0x0800fefe                RTC_WriteProtectionCmd
                0x0800ff34                RTC_EnterInitMode
                0x0800ffa8                RTC_ExitInitMode
                0x0800ffc8                RTC_WaitForSynchro
                0x08010040                RTC_RefClockCmd
                0x080100a8                RTC_BypassShadowCmd
                0x080100f4                RTC_SetTime
                0x08010208                RTC_TimeStructInit
                0x08010234                RTC_GetTime
                0x080102d8                RTC_GetSubSecond
                0x08010300                RTC_SetDate
                0x08010420                RTC_DateStructInit
                0x0801044c                RTC_GetDate
                0x080104e8                RTC_SetAlarm
                0x08010620                RTC_AlarmStructInit
                0x0801065e                RTC_GetAlarm
                0x08010740                RTC_AlarmCmd
                0x080107dc                RTC_AlarmSubSecondConfig
                0x0801082c                RTC_GetAlarmSubSecond
                0x08010868                RTC_WakeUpClockConfig
                0x080108ac                RTC_SetWakeUpCounter
                0x080108dc                RTC_GetWakeUpCounter
                0x080108f4                RTC_WakeUpCmd
                0x08010988                RTC_DayLightSavingConfig
                0x080109d0                RTC_GetStoreOperation
                0x080109ec                RTC_OutputConfig
                0x08010a34                RTC_CoarseCalibConfig
                0x08010a84                RTC_CoarseCalibCmd
                0x08010aec                RTC_CalibOutputCmd
                0x08010b38                RTC_CalibOutputConfig
                0x08010b7c                RTC_SmoothCalibConfig
                0x08010c00                RTC_TimeStampCmd
                0x08010c64                RTC_GetTimeStamp
                0x08010d84                RTC_GetTimeStampSubSecond
                0x08010d9c                RTC_TamperTriggerConfig
                0x08010ddc                RTC_TamperCmd
                0x08010e1c                RTC_TamperFilterConfig
                0x08010e4c                RTC_TamperSamplingFreqConfig
                0x08010e7c                RTC_TamperPinsPrechargeDuration
                0x08010eac                RTC_TimeStampOnTamperDetectionCmd
                0x08010ee8                RTC_TamperPullUpCmd
                0x08010f24                RTC_WriteBackupRegister
                0x08010f58                RTC_ReadBackupRegister
                0x08010f88                RTC_TamperPinSelection
                0x08010fb8                RTC_TimeStampPinSelection
                0x08010fe8                RTC_OutputTypeConfig
                0x08011018                RTC_SynchroShiftConfig
                0x080110b4                RTC_ITConfig
                0x08011130                RTC_GetFlagStatus
                0x08011174                RTC_ClearFlag
                0x080111a4                RTC_GetITStatus
                0x0801120c                RTC_ClearITPendingBit
 .text          0x080112bc      0x4f0 lib\src\peripherals\stm32f4xx_sdio.o
                0x080112bc                SDIO_DeInit
                0x080112d8                SDIO_Init
                0x08011338                SDIO_StructInit
                0x08011370                SDIO_ClockCmd
                0x08011390                SDIO_SetPowerState
                0x080113b0                SDIO_GetPowerState
                0x080113cc                SDIO_SendCommand
                0x08011424                SDIO_CmdStructInit
                0x08011456                SDIO_GetCommandResponse
                0x08011470                SDIO_GetResponse
                0x08011498                SDIO_DataConfig
                0x080114f4                SDIO_DataStructInit
                0x0801152e                SDIO_GetDataCounter
                0x08011544                SDIO_ReadData
                0x0801155c                SDIO_WriteData
                0x0801157c                SDIO_GetFIFOCount
                0x08011594                SDIO_StartSDIOReadWait
                0x080115b4                SDIO_StopSDIOReadWait
                0x080115d4                SDIO_SetSDIOReadWaitMode
                0x080115f4                SDIO_SetSDIOOperation
                0x08011614                SDIO_SendSDIOSuspendCmd
                0x08011634                SDIO_CommandCompletionCmd
                0x08011654                SDIO_CEATAITCmd
                0x08011684                SDIO_SendCEATACmd
                0x080116a4                SDIO_DMACmd
                0x080116c4                SDIO_ITConfig
                0x08011704                SDIO_GetFlagStatus
                0x08011738                SDIO_ClearFlag
                0x08011758                SDIO_GetITStatus
                0x0801178c                SDIO_ClearITPendingBit
 .text          0x080117ac      0x81c lib\src\peripherals\stm32f4xx_spi.o
                0x080117ac                SPI_I2S_DeInit
                0x08011820                SPI_Init
                0x080118a8                I2S_Init
                0x08011a54                SPI_StructInit
                0x08011a9e                I2S_StructInit
                0x08011ad6                SPI_Cmd
                0x08011b16                I2S_Cmd
                0x08011b56                SPI_DataSizeConfig
                0x08011b8e                SPI_BiDirectionalLineConfig
                0x08011bd0                SPI_NSSInternalSoftwareConfig
                0x08011c14                SPI_SSOutputCmd
                0x08011c54                SPI_TIModeCmd
                0x08011c94                I2S_FullDuplexConfig
                0x08011d30                SPI_I2S_ReceiveData
                0x08011d4a                SPI_I2S_SendData
                0x08011d68                SPI_CalculateCRC
                0x08011da8                SPI_TransmitCRC
                0x08011dcc                SPI_GetCRC
                0x08011dfe                SPI_GetCRCPolynomial
                0x08011e18                SPI_I2S_DMACmd
                0x08011e60                SPI_I2S_ITConfig
                0x08011ec2                SPI_I2S_GetFlagStatus
                0x08011efa                SPI_I2S_ClearFlag
                0x08011f1c                SPI_I2S_GetITStatus
                0x08011f92                SPI_I2S_ClearITPendingBit
 .text          0x08011fc8      0x134 lib\src\peripherals\stm32f4xx_syscfg.o
                0x08011fc8                SYSCFG_DeInit
                0x08011fe4                SYSCFG_MemoryRemapConfig
                0x08012004                SYSCFG_EXTILineConfig
                0x08012088                SYSCFG_ETH_MediaInterfaceConfig
                0x080120a8                SYSCFG_CompensationCellCmd
                0x080120c8                SYSCFG_GetCompensationCellStatus
 .text          0x080120fc     0x1c18 lib\src\peripherals\stm32f4xx_tim.o
                0x080120fc                TIM_DeInit
                0x080122bc                TIM_TimeBaseInit
                0x08012394                TIM_TimeBaseStructInit
                0x080123c8                TIM_PrescalerConfig
                0x080123f0                TIM_CounterModeConfig
                0x08012428                TIM_SetCounter
                0x08012444                TIM_SetAutoreload
                0x08012460                TIM_GetCounter
                0x08012478                TIM_GetPrescaler
                0x08012492                TIM_UpdateDisableConfig
                0x080124d2                TIM_UpdateRequestConfig
                0x08012512                TIM_ARRPreloadConfig
                0x08012552                TIM_SelectOnePulseMode
                0x0801258a                TIM_SetClockDivision
                0x080125c2                TIM_Cmd
                0x08012602                TIM_OC1Init
                0x080126f8                TIM_OC2Init
                0x08012808                TIM_OC3Init
                0x08012914                TIM_OC4Init
                0x080129e4                TIM_OCStructInit
                0x08012a28                TIM_SelectOCxM
                0x08012ada                TIM_SetCompare1
                0x08012af6                TIM_SetCompare2
                0x08012b12                TIM_SetCompare3
                0x08012b2e                TIM_SetCompare4
                0x08012b4a                TIM_ForcedOC1Config
                0x08012b82                TIM_ForcedOC2Config
                0x08012bbe                TIM_ForcedOC3Config
                0x08012bf6                TIM_ForcedOC4Config
                0x08012c32                TIM_OC1PreloadConfig
                0x08012c6a                TIM_OC2PreloadConfig
                0x08012ca6                TIM_OC3PreloadConfig
                0x08012cde                TIM_OC4PreloadConfig
                0x08012d1a                TIM_OC1FastConfig
                0x08012d52                TIM_OC2FastConfig
                0x08012d8e                TIM_OC3FastConfig
                0x08012dc6                TIM_OC4FastConfig
                0x08012e02                TIM_ClearOC1Ref
                0x08012e3a                TIM_ClearOC2Ref
                0x08012e76                TIM_ClearOC3Ref
                0x08012eae                TIM_ClearOC4Ref
                0x08012eea                TIM_OC1PolarityConfig
                0x08012f22                TIM_OC1NPolarityConfig
                0x08012f5a                TIM_OC2PolarityConfig
                0x08012f96                TIM_OC2NPolarityConfig
                0x08012fd2                TIM_OC3PolarityConfig
                0x0801300e                TIM_OC3NPolarityConfig
                0x0801304a                TIM_OC4PolarityConfig
                0x08013086                TIM_CCxCmd
                0x080130dc                TIM_CCxNCmd
                0x08013132                TIM_ICInit
                0x080131da                TIM_ICStructInit
                0x0801320c                TIM_PWMIConfig
                0x080132c4                TIM_GetCapture1
                0x080132dc                TIM_GetCapture2
                0x080132f4                TIM_GetCapture3
                0x0801330c                TIM_GetCapture4
                0x08013324                TIM_SetIC1Prescaler
                0x0801335c                TIM_SetIC2Prescaler
                0x08013398                TIM_SetIC3Prescaler
                0x080133d0                TIM_SetIC4Prescaler
                0x0801340c                TIM_BDTRConfig
                0x0801345c                TIM_BDTRStructInit
                0x0801349a                TIM_CtrlPWMOutputs
                0x080134e6                TIM_SelectCOM
                0x08013526                TIM_CCPreloadControl
                0x08013566                TIM_ITConfig
                0x080135ae                TIM_GenerateEvent
                0x080135cc                TIM_GetFlagStatus
                0x08013604                TIM_ClearFlag
                0x08013626                TIM_GetITStatus
                0x0801367a                TIM_ClearITPendingBit
                0x0801369c                TIM_DMAConfig
                0x080136c6                TIM_DMACmd
                0x0801370e                TIM_SelectCCDMA
                0x0801374e                TIM_InternalClockConfig
                0x08013772                TIM_ITRxExternalClockConfig
                0x080137a0                TIM_TIxExternalClockConfig
                0x080137fc                TIM_ETRClockMode1Config
                0x0801385a                TIM_ETRClockMode2Config
                0x08013898                TIM_SelectInputTrigger
                0x080138d0                TIM_SelectOutputTrigger
                0x08013908                TIM_SelectSlaveMode
                0x08013940                TIM_SelectMasterSlaveMode
                0x08013978                TIM_ETRConfig
                0x080139cc                TIM_EncoderInterfaceConfig
                0x08013a64                TIM_SelectHallSensor
                0x08013aa4                TIM_RemapConfig
 .text          0x08013d14      0x92c lib\src\peripherals\stm32f4xx_usart.o
                0x08013d14                USART_DeInit
                0x08013de8                USART_Init
                0x08013f5c                USART_StructInit
                0x08013f96                USART_ClockInit
                0x08013fec                USART_ClockStructInit
                0x08014018                USART_Cmd
                0x08014058                USART_SetPrescaler
                0x08014092                USART_OverSampling8Cmd
                0x080140d6                USART_OneBitMethodCmd
                0x08014116                USART_SendData
                0x0801413a                USART_ReceiveData
                0x0801415a                USART_SetAddress
                0x08014194                USART_ReceiverWakeUpCmd
                0x080141d4                USART_WakeUpConfig
                0x0801420c                USART_LINBreakDetectLengthConfig
                0x08014244                USART_LINCmd
                0x08014284                USART_SendBreak
                0x080142a8                USART_HalfDuplexCmd
                0x080142e8                USART_SetGuardTime
                0x08014324                USART_SmartCardCmd
                0x08014364                USART_SmartCardNACKCmd
                0x080143a4                USART_IrDAConfig
                0x080143dc                USART_IrDACmd
                0x0801441c                USART_DMACmd
                0x08014464                USART_ITConfig
                0x080144f4                USART_GetFlagStatus
                0x0801452c                USART_ClearFlag
                0x0801454e                USART_GetITStatus
                0x08014604                USART_ClearITPendingBit
 .text          0x08014640      0x138 lib\src\peripherals\stm32f4xx_wwdg.o
                0x08014640                WWDG_DeInit
                0x0801465c                WWDG_SetPrescaler
                0x08014690                WWDG_SetWindowValue
                0x080146cc                WWDG_EnableIT
                0x080146e4                WWDG_SetCounter
                0x08014708                WWDG_Enable
                0x08014730                WWDG_GetFlagStatus
                0x08014760                WWDG_ClearFlag
 .text          0x08014778       0x14 lib\startup_stm32f4xx.o
 .text          0x0801478c      0x704 src\Audio.o
                0x08014848                InitializeAudio
                0x08014b10                AudioOn
                0x08014b2c                AudioOff
                0x08014b48                SetAudioVolume
                0x08014b78                OutputAudioSample
                0x08014ba8                OutputAudioSampleWithoutBlocking
                0x08014bc8                PlayAudioWithCallback
                0x08014c38                StopAudio
                0x08014c68                ProvideAudioBuffer
                0x08014c92                ProvideAudioBufferWithoutBlocking
                0x08014e5c                DMA1_Stream7_IRQHandler
 .text          0x08014e90      0x374 src\main.o
                0x08014f28                main
                0x080150d4                init
                0x080151a8                timing_handler
                0x080151dc                Delay
 .text          0x08015204        0x0 src\mp3_data.o
 .text          0x08015204       0x5c src\stm32f4xx_it.o
                0x08015204                NMI_Handler
                0x08015212                HardFault_Handler
                0x08015218                MemManage_Handler
                0x0801521e                BusFault_Handler
                0x08015224                UsageFault_Handler
                0x0801522a                SVC_Handler
                0x08015238                DebugMon_Handler
                0x08015246                PendSV_Handler
                0x08015254                SysTick_Handler
 .text          0x08015260      0x138 src\syscalls.o
                0x08015260                _close
                0x08015276                _fstat
                0x0801528e                _isatty
                0x080152a4                _lseek
                0x080152be                _open
                0x080152da                _read
                0x080152f4                _sbrk_r
                0x08015348                _write
 .text          0x08015398      0x25c src\system_stm32f4xx.o
                0x08015398                SystemInit
                0x08015404                SystemCoreClockUpdate
 .text          0x080155f4       0xb8 src\utils.o
                0x080155f4                ftostr
 .text          0x080156ac        0x0 c:/program files/atollic/truestudio for stm32 9.0.1/armtools/bin/../lib/gcc/arm-atollic-eabi/6.3.1/../../../../arm-atollic-eabi/lib/armv7e-m/fpu\libm.a(lib_a-sf_floor.o)
 .text          0x080156ac        0x0 c:/program files/atollic/truestudio for stm32 9.0.1/armtools/bin/../lib/gcc/arm-atollic-eabi/6.3.1/../../../../arm-atollic-eabi/lib/armv7e-m/fpu\libm.a(lib_a-wf_pow.o)
 .text          0x080156ac        0x0 c:/program files/atollic/truestudio for stm32 9.0.1/armtools/bin/../lib/gcc/arm-atollic-eabi/6.3.1/../../../../arm-atollic-eabi/lib/armv7e-m/fpu\libm.a(lib_a-ef_pow.o)
 .text          0x080156ac        0x0 c:/program files/atollic/truestudio for stm32 9.0.1/armtools/bin/../lib/gcc/arm-atollic-eabi/6.3.1/../../../../arm-atollic-eabi/lib/armv7e-m/fpu\libm.a(lib_a-ef_sqrt.o)
 .text          0x080156ac        0x0 c:/program files/atollic/truestudio for stm32 9.0.1/armtools/bin/../lib/gcc/arm-atollic-eabi/6.3.1/../../../../arm-atollic-eabi/lib/armv7e-m/fpu\libm.a(lib_a-s_lib_ver.o)
 .text          0x080156ac        0x0 c:/program files/atollic/truestudio for stm32 9.0.1/armtools/bin/../lib/gcc/arm-atollic-eabi/6.3.1/../../../../arm-atollic-eabi/lib/armv7e-m/fpu\libm.a(lib_a-s_matherr.o)
 .text          0x080156ac        0x0 c:/program files/atollic/truestudio for stm32 9.0.1/armtools/bin/../lib/gcc/arm-atollic-eabi/6.3.1/../../../../arm-atollic-eabi/lib/armv7e-m/fpu\libm.a(lib_a-s_rint.o)
 .text          0x080156ac        0x0 c:/program files/atollic/truestudio for stm32 9.0.1/armtools/bin/../lib/gcc/arm-atollic-eabi/6.3.1/../../../../arm-atollic-eabi/lib/armv7e-m/fpu\libm.a(lib_a-sf_fabs.o)
 .text          0x080156ac        0x0 c:/program files/atollic/truestudio for stm32 9.0.1/armtools/bin/../lib/gcc/arm-atollic-eabi/6.3.1/../../../../arm-atollic-eabi/lib/armv7e-m/fpu\libm.a(lib_a-sf_finite.o)
 .text          0x080156ac        0x0 c:/program files/atollic/truestudio for stm32 9.0.1/armtools/bin/../lib/gcc/arm-atollic-eabi/6.3.1/../../../../arm-atollic-eabi/lib/armv7e-m/fpu\libm.a(lib_a-sf_nan.o)
 .text          0x080156ac        0x0 c:/program files/atollic/truestudio for stm32 9.0.1/armtools/bin/../lib/gcc/arm-atollic-eabi/6.3.1/../../../../arm-atollic-eabi/lib/armv7e-m/fpu\libm.a(lib_a-sf_scalbn.o)
 .text          0x080156ac        0x0 c:/program files/atollic/truestudio for stm32 9.0.1/armtools/bin/../lib/gcc/arm-atollic-eabi/6.3.1/../../../../arm-atollic-eabi/lib/armv7e-m/fpu\libm.a(lib_a-sf_copysign.o)
 .text          0x080156ac        0x0 c:/program files/atollic/truestudio for stm32 9.0.1/armtools/bin/../lib/gcc/arm-atollic-eabi/6.3.1/../../../../arm-atollic-eabi/lib/armv7e-m/fpu\libc_nano.a(lib_a-init.o)
 .text          0x080156ac        0x0 c:/program files/atollic/truestudio for stm32 9.0.1/armtools/bin/../lib/gcc/arm-atollic-eabi/6.3.1/../../../../arm-atollic-eabi/lib/armv7e-m/fpu\libc_nano.a(lib_a-memcpy-stub.o)
 .text          0x080156ac        0x0 c:/program files/atollic/truestudio for stm32 9.0.1/armtools/bin/../lib/gcc/arm-atollic-eabi/6.3.1/../../../../arm-atollic-eabi/lib/armv7e-m/fpu\libc_nano.a(lib_a-memmove.o)
 .text          0x080156ac        0x0 c:/program files/atollic/truestudio for stm32 9.0.1/armtools/bin/../lib/gcc/arm-atollic-eabi/6.3.1/../../../../arm-atollic-eabi/lib/armv7e-m/fpu\libc_nano.a(lib_a-sprintf.o)
 .text          0x080156ac        0x0 c:/program files/atollic/truestudio for stm32 9.0.1/armtools/bin/../lib/gcc/arm-atollic-eabi/6.3.1/../../../../arm-atollic-eabi/lib/armv7e-m/fpu\libc_nano.a(lib_a-impure.o)
 .text          0x080156ac        0x0 c:/program files/atollic/truestudio for stm32 9.0.1/armtools/bin/../lib/gcc/arm-atollic-eabi/6.3.1/../../../../arm-atollic-eabi/lib/armv7e-m/fpu\libc_nano.a(lib_a-nano-svfprintf.o)
 .text          0x080156ac        0x0 c:/program files/atollic/truestudio for stm32 9.0.1/armtools/bin/../lib/gcc/arm-atollic-eabi/6.3.1/../../../../arm-atollic-eabi/lib/armv7e-m/fpu\libc_nano.a(lib_a-nano-vfprintf_i.o)
 *fill*         0x080156ac        0x4 
 .text          0x080156b0       0xa0 c:/program files/atollic/truestudio for stm32 9.0.1/armtools/bin/../lib/gcc/arm-atollic-eabi/6.3.1/../../../../arm-atollic-eabi/lib/armv7e-m/fpu\libc_nano.a(lib_a-memchr.o)
                0x080156b0                memchr
 .text          0x08015750        0x0 c:/program files/atollic/truestudio for stm32 9.0.1/armtools/bin/../lib/gcc/arm-atollic-eabi/6.3.1/../../../../arm-atollic-eabi/lib/armv7e-m/fpu\libc_nano.a(lib_a-nano-freer.o)
 .text          0x08015750        0x0 c:/program files/atollic/truestudio for stm32 9.0.1/armtools/bin/../lib/gcc/arm-atollic-eabi/6.3.1/../../../../arm-atollic-eabi/lib/armv7e-m/fpu\libc_nano.a(lib_a-nano-mallocr.o)
 .text          0x08015750        0x0 c:/program files/atollic/truestudio for stm32 9.0.1/armtools/bin/../lib/gcc/arm-atollic-eabi/6.3.1/../../../../arm-atollic-eabi/lib/armv7e-m/fpu\libc_nano.a(lib_a-nano-reallocr.o)
 .text          0x08015750        0x0 c:/program files/atollic/truestudio for stm32 9.0.1/armtools/bin/../lib/gcc/arm-atollic-eabi/6.3.1/../../../../arm-atollic-eabi/lib/armv7e-m/fpu\libc_nano.a(lib_a-mlock.o)
 .text          0x08015750        0x0 c:/program files/atollic/truestudio for stm32 9.0.1/armtools/bin/../lib/gcc/arm-atollic-eabi/6.3.1/../../../../arm-atollic-eabi/lib/armv7e-m/fpu\libc_nano.a(lib_a-nano-msizer.o)
 .text          0x08015750      0x370 c:/program files/atollic/truestudio for stm32 9.0.1/armtools/bin/../lib/gcc/arm-atollic-eabi/6.3.1/armv7e-m/fpu\libgcc.a(_arm_addsubdf3.o)
                0x08015750                __aeabi_drsub
                0x08015758                __aeabi_dsub
                0x08015758                __subdf3
                0x0801575c                __aeabi_dadd
                0x0801575c                __adddf3
                0x080159d4                __floatunsidf
                0x080159d4                __aeabi_ui2d
                0x080159f4                __floatsidf
                0x080159f4                __aeabi_i2d
                0x08015a18                __aeabi_f2d
                0x08015a18                __extendsfdf2
                0x08015a54                __floatundidf
                0x08015a54                __aeabi_ul2d
                0x08015a64                __floatdidf
                0x08015a64                __aeabi_l2d
 .text          0x08015ac0      0x424 c:/program files/atollic/truestudio for stm32 9.0.1/armtools/bin/../lib/gcc/arm-atollic-eabi/6.3.1/armv7e-m/fpu\libgcc.a(_arm_muldivdf3.o)
                0x08015ac0                __aeabi_dmul
                0x08015ac0                __muldf3
                0x08015d14                __divdf3
                0x08015d14                __aeabi_ddiv
 .text          0x08015ee4      0x110 c:/program files/atollic/truestudio for stm32 9.0.1/armtools/bin/../lib/gcc/arm-atollic-eabi/6.3.1/armv7e-m/fpu\libgcc.a(_arm_cmpdf2.o)
                0x08015ee4                __gtdf2
                0x08015ee4                __gedf2
                0x08015eec                __ltdf2
                0x08015eec                __ledf2
                0x08015ef4                __nedf2
                0x08015ef4                __eqdf2
                0x08015ef4                __cmpdf2
                0x08015f70                __aeabi_cdrcmple
                0x08015f80                __aeabi_cdcmpeq
                0x08015f80                __aeabi_cdcmple
                0x08015f90                __aeabi_dcmpeq
                0x08015fa4                __aeabi_dcmplt
                0x08015fb8                __aeabi_dcmple
                0x08015fcc                __aeabi_dcmpge
                0x08015fe0                __aeabi_dcmpgt
 .text          0x08015ff4       0xa0 c:/program files/atollic/truestudio for stm32 9.0.1/armtools/bin/../lib/gcc/arm-atollic-eabi/6.3.1/armv7e-m/fpu\libgcc.a(_arm_truncdfsf2.o)
                0x08015ff4                __truncdfsf2
                0x08015ff4                __aeabi_d2f
 .text          0x08016094        0x0 c:/program files/atollic/truestudio for stm32 9.0.1/armtools/bin/../lib/gcc/arm-atollic-eabi/6.3.1/armv7e-m/fpu/crtend.o
 .text          0x08016094        0x0 c:/program files/atollic/truestudio for stm32 9.0.1/armtools/bin/../lib/gcc/arm-atollic-eabi/6.3.1/armv7e-m/fpu/crtn.o
 *(.text*)
 .text.Reset_Handler
                0x08016094       0x48 lib\startup_stm32f4xx.o
                0x08016094                Reset_Handler
 .text.Default_Handler
                0x080160dc        0x2 lib\startup_stm32f4xx.o
                0x080160dc                RTC_Alarm_IRQHandler
                0x080160dc                HASH_RNG_IRQHandler
                0x080160dc                EXTI2_IRQHandler
                0x080160dc                TIM8_CC_IRQHandler
                0x080160dc                TIM1_CC_IRQHandler
                0x080160dc                DMA2_Stream5_IRQHandler
                0x080160dc                DMA1_Stream5_IRQHandler
                0x080160dc                PVD_IRQHandler
                0x080160dc                SDIO_IRQHandler
                0x080160dc                TAMP_STAMP_IRQHandler
                0x080160dc                CAN2_RX1_IRQHandler
                0x080160dc                EXTI3_IRQHandler
                0x080160dc                TIM8_TRG_COM_TIM14_IRQHandler
                0x080160dc                TIM1_UP_TIM10_IRQHandler
                0x080160dc                TIM8_UP_TIM13_IRQHandler
                0x080160dc                I2C3_ER_IRQHandler
                0x080160dc                EXTI0_IRQHandler
                0x080160dc                I2C2_EV_IRQHandler
                0x080160dc                DMA1_Stream2_IRQHandler
                0x080160dc                CAN1_RX0_IRQHandler
                0x080160dc                FPU_IRQHandler
                0x080160dc                OTG_HS_WKUP_IRQHandler
                0x080160dc                CAN2_SCE_IRQHandler
                0x080160dc                DMA2_Stream2_IRQHandler
                0x080160dc                SPI1_IRQHandler
                0x080160dc                TIM6_DAC_IRQHandler
                0x080160dc                TIM1_BRK_TIM9_IRQHandler
                0x080160dc                DCMI_IRQHandler
                0x080160dc                CAN2_RX0_IRQHandler
                0x080160dc                DMA2_Stream3_IRQHandler
                0x080160dc                USART6_IRQHandler
                0x080160dc                USART3_IRQHandler
                0x080160dc                CRYP_IRQHandler
                0x080160dc                CAN1_RX1_IRQHandler
                0x080160dc                UART5_IRQHandler
                0x080160dc                DMA2_Stream0_IRQHandler
                0x080160dc                TIM4_IRQHandler
                0x080160dc                I2C1_EV_IRQHandler
                0x080160dc                DMA1_Stream6_IRQHandler
                0x080160dc                DMA1_Stream1_IRQHandler
                0x080160dc                UART4_IRQHandler
                0x080160dc                TIM3_IRQHandler
                0x080160dc                RCC_IRQHandler
                0x080160dc                TIM8_BRK_TIM12_IRQHandler
                0x080160dc                Default_Handler
                0x080160dc                EXTI15_10_IRQHandler
                0x080160dc                ADC_IRQHandler
                0x080160dc                TIM7_IRQHandler
                0x080160dc                CAN2_TX_IRQHandler
                0x080160dc                TIM5_IRQHandler
                0x080160dc                DMA2_Stream7_IRQHandler
                0x080160dc                I2C3_EV_IRQHandler
                0x080160dc                EXTI9_5_IRQHandler
                0x080160dc                RTC_WKUP_IRQHandler
                0x080160dc                ETH_WKUP_IRQHandler
                0x080160dc                SPI2_IRQHandler
                0x080160dc                OTG_HS_EP1_IN_IRQHandler
                0x080160dc                DMA1_Stream0_IRQHandler
                0x080160dc                CAN1_TX_IRQHandler
                0x080160dc                EXTI4_IRQHandler
                0x080160dc                FSMC_IRQHandler
                0x080160dc                ETH_IRQHandler
                0x080160dc                OTG_HS_EP1_OUT_IRQHandler
                0x080160dc                WWDG_IRQHandler
                0x080160dc                TIM2_IRQHandler
                0x080160dc                OTG_FS_WKUP_IRQHandler
                0x080160dc                TIM1_TRG_COM_TIM11_IRQHandler
                0x080160dc                OTG_HS_IRQHandler
                0x080160dc                EXTI1_IRQHandler
                0x080160dc                USART2_IRQHandler
                0x080160dc                I2C2_ER_IRQHandler
                0x080160dc                DMA2_Stream1_IRQHandler
                0x080160dc                CAN1_SCE_IRQHandler
                0x080160dc                FLASH_IRQHandler
                0x080160dc                DMA2_Stream4_IRQHandler
                0x080160dc                USART1_IRQHandler
                0x080160dc                OTG_FS_IRQHandler
                0x080160dc                SPI3_IRQHandler
                0x080160dc                DMA1_Stream4_IRQHandler
                0x080160dc                I2C1_ER_IRQHandler
                0x080160dc                DMA2_Stream6_IRQHandler
                0x080160dc                DMA1_Stream3_IRQHandler
 *fill*         0x080160de        0x2 
 .text.floorf   0x080160e0       0x84 c:/program files/atollic/truestudio for stm32 9.0.1/armtools/bin/../lib/gcc/arm-atollic-eabi/6.3.1/../../../../arm-atollic-eabi/lib/armv7e-m/fpu\libm.a(lib_a-sf_floor.o)
                0x080160e0                floorf
 .text.powf     0x08016164      0x2f8 c:/program files/atollic/truestudio for stm32 9.0.1/armtools/bin/../lib/gcc/arm-atollic-eabi/6.3.1/../../../../arm-atollic-eabi/lib/armv7e-m/fpu\libm.a(lib_a-wf_pow.o)
                0x08016164                powf
 .text.__ieee754_powf
                0x0801645c      0x584 c:/program files/atollic/truestudio for stm32 9.0.1/armtools/bin/../lib/gcc/arm-atollic-eabi/6.3.1/../../../../arm-atollic-eabi/lib/armv7e-m/fpu\libm.a(lib_a-ef_pow.o)
                0x0801645c                __ieee754_powf
 .text.__ieee754_sqrtf
                0x080169e0       0x8e c:/program files/atollic/truestudio for stm32 9.0.1/armtools/bin/../lib/gcc/arm-atollic-eabi/6.3.1/../../../../arm-atollic-eabi/lib/armv7e-m/fpu\libm.a(lib_a-ef_sqrt.o)
                0x080169e0                __ieee754_sqrtf
 .text.matherr  0x08016a6e        0x4 c:/program files/atollic/truestudio for stm32 9.0.1/armtools/bin/../lib/gcc/arm-atollic-eabi/6.3.1/../../../../arm-atollic-eabi/lib/armv7e-m/fpu\libm.a(lib_a-s_matherr.o)
                0x08016a6e                matherr
 *fill*         0x08016a72        0x2 
 .text.rint     0x08016a74      0x110 c:/program files/atollic/truestudio for stm32 9.0.1/armtools/bin/../lib/gcc/arm-atollic-eabi/6.3.1/../../../../arm-atollic-eabi/lib/armv7e-m/fpu\libm.a(lib_a-s_rint.o)
                0x08016a74                rint
 .text.fabsf    0x08016b84        0xe c:/program files/atollic/truestudio for stm32 9.0.1/armtools/bin/../lib/gcc/arm-atollic-eabi/6.3.1/../../../../arm-atollic-eabi/lib/armv7e-m/fpu\libm.a(lib_a-sf_fabs.o)
                0x08016b84                fabsf
 .text.finitef  0x08016b92       0x14 c:/program files/atollic/truestudio for stm32 9.0.1/armtools/bin/../lib/gcc/arm-atollic-eabi/6.3.1/../../../../arm-atollic-eabi/lib/armv7e-m/fpu\libm.a(lib_a-sf_finite.o)
                0x08016b92                finitef
 *fill*         0x08016ba6        0x2 
 .text.nanf     0x08016ba8        0xc c:/program files/atollic/truestudio for stm32 9.0.1/armtools/bin/../lib/gcc/arm-atollic-eabi/6.3.1/../../../../arm-atollic-eabi/lib/armv7e-m/fpu\libm.a(lib_a-sf_nan.o)
                0x08016ba8                nanf
 .text.scalbnf  0x08016bb4       0xc0 c:/program files/atollic/truestudio for stm32 9.0.1/armtools/bin/../lib/gcc/arm-atollic-eabi/6.3.1/../../../../arm-atollic-eabi/lib/armv7e-m/fpu\libm.a(lib_a-sf_scalbn.o)
                0x08016bb4                scalbnf
 .text.copysignf
                0x08016c74       0x18 c:/program files/atollic/truestudio for stm32 9.0.1/armtools/bin/../lib/gcc/arm-atollic-eabi/6.3.1/../../../../arm-atollic-eabi/lib/armv7e-m/fpu\libm.a(lib_a-sf_copysign.o)
                0x08016c74                copysignf
 .text.__libc_init_array
                0x08016c8c       0x48 c:/program files/atollic/truestudio for stm32 9.0.1/armtools/bin/../lib/gcc/arm-atollic-eabi/6.3.1/../../../../arm-atollic-eabi/lib/armv7e-m/fpu\libc_nano.a(lib_a-init.o)
                0x08016c8c                __libc_init_array
 .text.memcpy   0x08016cd4       0x16 c:/program files/atollic/truestudio for stm32 9.0.1/armtools/bin/../lib/gcc/arm-atollic-eabi/6.3.1/../../../../arm-atollic-eabi/lib/armv7e-m/fpu\libc_nano.a(lib_a-memcpy-stub.o)
                0x08016cd4                memcpy
 .text.memmove  0x08016cea       0x34 c:/program files/atollic/truestudio for stm32 9.0.1/armtools/bin/../lib/gcc/arm-atollic-eabi/6.3.1/../../../../arm-atollic-eabi/lib/armv7e-m/fpu\libc_nano.a(lib_a-memmove.o)
                0x08016cea                memmove
 .text._sprintf_r
                0x08016d1e       0x40 c:/program files/atollic/truestudio for stm32 9.0.1/armtools/bin/../lib/gcc/arm-atollic-eabi/6.3.1/../../../../arm-atollic-eabi/lib/armv7e-m/fpu\libc_nano.a(lib_a-sprintf.o)
                0x08016d1e                _sprintf_r
                0x08016d1e                _siprintf_r
 *fill*         0x08016d5e        0x2 
 .text.sprintf  0x08016d60       0x48 c:/program files/atollic/truestudio for stm32 9.0.1/armtools/bin/../lib/gcc/arm-atollic-eabi/6.3.1/../../../../arm-atollic-eabi/lib/armv7e-m/fpu\libc_nano.a(lib_a-sprintf.o)
                0x08016d60                siprintf
                0x08016d60                sprintf
 .text.__ssputs_r
                0x08016da8       0xb6 c:/program files/atollic/truestudio for stm32 9.0.1/armtools/bin/../lib/gcc/arm-atollic-eabi/6.3.1/../../../../arm-atollic-eabi/lib/armv7e-m/fpu\libc_nano.a(lib_a-nano-svfprintf.o)
                0x08016da8                __ssputs_r
 .text.__ssprint_r
                0x08016e5e       0xf4 c:/program files/atollic/truestudio for stm32 9.0.1/armtools/bin/../lib/gcc/arm-atollic-eabi/6.3.1/../../../../arm-atollic-eabi/lib/armv7e-m/fpu\libc_nano.a(lib_a-nano-svfprintf.o)
                0x08016e5e                __ssprint_r
 *fill*         0x08016f52        0x2 
 .text._svfprintf_r
                0x08016f54      0x1e8 c:/program files/atollic/truestudio for stm32 9.0.1/armtools/bin/../lib/gcc/arm-atollic-eabi/6.3.1/../../../../arm-atollic-eabi/lib/armv7e-m/fpu\libc_nano.a(lib_a-nano-svfprintf.o)
                0x08016f54                _svfiprintf_r
                0x08016f54                _svfprintf_r
 .text._printf_common
                0x0801713c       0xec c:/program files/atollic/truestudio for stm32 9.0.1/armtools/bin/../lib/gcc/arm-atollic-eabi/6.3.1/../../../../arm-atollic-eabi/lib/armv7e-m/fpu\libc_nano.a(lib_a-nano-vfprintf_i.o)
                0x0801713c                _printf_common
 .text._printf_i
                0x08017228      0x240 c:/program files/atollic/truestudio for stm32 9.0.1/armtools/bin/../lib/gcc/arm-atollic-eabi/6.3.1/../../../../arm-atollic-eabi/lib/armv7e-m/fpu\libc_nano.a(lib_a-nano-vfprintf_i.o)
                0x08017228                _printf_i
 .text._free_r  0x08017468       0x9c c:/program files/atollic/truestudio for stm32 9.0.1/armtools/bin/../lib/gcc/arm-atollic-eabi/6.3.1/../../../../arm-atollic-eabi/lib/armv7e-m/fpu\libc_nano.a(lib_a-nano-freer.o)
                0x08017468                _free_r
 .text._malloc_r
                0x08017504       0xbc c:/program files/atollic/truestudio for stm32 9.0.1/armtools/bin/../lib/gcc/arm-atollic-eabi/6.3.1/../../../../arm-atollic-eabi/lib/armv7e-m/fpu\libc_nano.a(lib_a-nano-mallocr.o)
                0x08017504                _malloc_r
 .text._realloc_r
                0x080175c0       0x4c c:/program files/atollic/truestudio for stm32 9.0.1/armtools/bin/../lib/gcc/arm-atollic-eabi/6.3.1/../../../../arm-atollic-eabi/lib/armv7e-m/fpu\libc_nano.a(lib_a-nano-reallocr.o)
                0x080175c0                _realloc_r
 .text.__malloc_lock
                0x0801760c        0x2 c:/program files/atollic/truestudio for stm32 9.0.1/armtools/bin/../lib/gcc/arm-atollic-eabi/6.3.1/../../../../arm-atollic-eabi/lib/armv7e-m/fpu\libc_nano.a(lib_a-mlock.o)
                0x0801760c                __malloc_lock
 .text.__malloc_unlock
                0x0801760e        0x2 c:/program files/atollic/truestudio for stm32 9.0.1/armtools/bin/../lib/gcc/arm-atollic-eabi/6.3.1/../../../../arm-atollic-eabi/lib/armv7e-m/fpu\libc_nano.a(lib_a-mlock.o)
                0x0801760e                __malloc_unlock
 .text._malloc_usable_size_r
                0x08017610       0x12 c:/program files/atollic/truestudio for stm32 9.0.1/armtools/bin/../lib/gcc/arm-atollic-eabi/6.3.1/../../../../arm-atollic-eabi/lib/armv7e-m/fpu\libc_nano.a(lib_a-nano-msizer.o)
                0x08017610                _malloc_usable_size_r
 *(.glue_7)
 .glue_7        0x08017622        0x0 linker stubs
 *(.glue_7t)
 .glue_7t       0x08017622        0x0 linker stubs
 *(.eh_frame)
 *fill*         0x08017622        0x2 
 .eh_frame      0x08017624        0x0 c:/program files/atollic/truestudio for stm32 9.0.1/armtools/bin/../lib/gcc/arm-atollic-eabi/6.3.1/armv7e-m/fpu/crtbegin.o
 .eh_frame      0x08017624        0x4 c:/program files/atollic/truestudio for stm32 9.0.1/armtools/bin/../lib/gcc/arm-atollic-eabi/6.3.1/armv7e-m/fpu/crtend.o
 *(.init)
 .init          0x08017628        0x4 c:/program files/atollic/truestudio for stm32 9.0.1/armtools/bin/../lib/gcc/arm-atollic-eabi/6.3.1/armv7e-m/fpu/crti.o
                0x08017628                _init
 .init          0x0801762c        0x8 c:/program files/atollic/truestudio for stm32 9.0.1/armtools/bin/../lib/gcc/arm-atollic-eabi/6.3.1/armv7e-m/fpu/crtn.o
 *(.fini)
 .fini          0x08017634        0x4 c:/program files/atollic/truestudio for stm32 9.0.1/armtools/bin/../lib/gcc/arm-atollic-eabi/6.3.1/armv7e-m/fpu/crti.o
                0x08017634                _fini
 .fini          0x08017638        0x8 c:/program files/atollic/truestudio for stm32 9.0.1/armtools/bin/../lib/gcc/arm-atollic-eabi/6.3.1/armv7e-m/fpu/crtn.o
 .fini.__stub   0x08017640        0x8 linker stubs
                0x08017648                . = ALIGN (0x4)
                0x08017648                _etext = .

.vfp11_veneer   0x08017648        0x0
 .vfp11_veneer  0x08017648        0x0 linker stubs

.v4_bx          0x08017648        0x0
 .v4_bx         0x08017648        0x0 linker stubs

.iplt           0x08017648        0x0
 .iplt          0x08017648        0x0 c:/program files/atollic/truestudio for stm32 9.0.1/armtools/bin/../lib/gcc/arm-atollic-eabi/6.3.1/armv7e-m/fpu/crtbegin.o

.rodata         0x08017648    0x54640
                0x08017648                . = ALIGN (0x4)
 *(.rodata)
 .rodata        0x08017648      0x506 helix\mp3tabs.o
                0x08017648                xmp3fixpt_samplerateTab
                0x0801766c                xmp3fixpt_bitrateTab
                0x0801777c                xmp3fixpt_samplesPerFrameTab
                0x08017790                xmp3fixpt_bitsPerSlotTab
                0x08017798                xmp3fixpt_sideBytesTab
                0x080177a4                xmp3fixpt_slotTab
                0x080178b4                xmp3fixpt_sfBandTable
 *fill*         0x08017b4e        0x2 
 .rodata        0x08017b50       0xc0 helix\real\dct32.o
 .rodata        0x08017c10      0x250 helix\real\dqchan.o
 .rodata        0x08017e60     0x2304 helix\real\hufftabs.o
                0x08017e60                xmp3fixpt_huffTable
                0x08019f84                xmp3fixpt_huffTabOffset
                0x0801a004                xmp3fixpt_huffTabLookup
                0x0801a104                xmp3fixpt_quadTable
                0x0801a154                xmp3fixpt_quadTabOffset
                0x0801a15c                xmp3fixpt_quadTabMaxBits
 .rodata        0x0801a164       0x90 helix\real\imdct.o
 .rodata        0x0801a1f4       0x68 helix\real\scalfact.o
 .rodata        0x0801a25c      0x86c helix\real\trigtabs_fixpt.o
                0x0801a25c                xmp3fixpt_imdctWin
                0x0801a49c                xmp3fixpt_ISFMpeg1
                0x0801a4d4                xmp3fixpt_ISFMpeg2
                0x0801a5d4                xmp3fixpt_ISFIIP
                0x0801a5e4                xmp3fixpt_uniqueIDTab
                0x0801a5ec                xmp3fixpt_csa
                0x0801a62c                xmp3fixpt_coef32
                0x0801a6a8                xmp3fixpt_polyCoef
 .rodata        0x0801aac8    0x5114b src\mp3_data.o
                0x0801aac8                mp3_data
 *fill*         0x0806bc13        0x1 
 .rodata        0x0806bc14        0xd src\utils.o
 *(.rodata*)
 .rodata.powf.str1.1
                0x0806bc21        0x5 c:/program files/atollic/truestudio for stm32 9.0.1/armtools/bin/../lib/gcc/arm-atollic-eabi/6.3.1/../../../../arm-atollic-eabi/lib/armv7e-m/fpu\libm.a(lib_a-wf_pow.o)
 .rodata.__ieee754_powf.str1.1
                0x0806bc26        0x5 c:/program files/atollic/truestudio for stm32 9.0.1/armtools/bin/../lib/gcc/arm-atollic-eabi/6.3.1/../../../../arm-atollic-eabi/lib/armv7e-m/fpu\libm.a(lib_a-ef_pow.o)
                                  0x1 (size before relaxing)
 *fill*         0x0806bc26        0x2 
 .rodata.bp     0x0806bc28        0x8 c:/program files/atollic/truestudio for stm32 9.0.1/armtools/bin/../lib/gcc/arm-atollic-eabi/6.3.1/../../../../arm-atollic-eabi/lib/armv7e-m/fpu\libm.a(lib_a-ef_pow.o)
 .rodata.dp_h   0x0806bc30        0x8 c:/program files/atollic/truestudio for stm32 9.0.1/armtools/bin/../lib/gcc/arm-atollic-eabi/6.3.1/../../../../arm-atollic-eabi/lib/armv7e-m/fpu\libm.a(lib_a-ef_pow.o)
 .rodata.dp_l   0x0806bc38        0x8 c:/program files/atollic/truestudio for stm32 9.0.1/armtools/bin/../lib/gcc/arm-atollic-eabi/6.3.1/../../../../arm-atollic-eabi/lib/armv7e-m/fpu\libm.a(lib_a-ef_pow.o)
 .rodata.TWO52  0x0806bc40       0x10 c:/program files/atollic/truestudio for stm32 9.0.1/armtools/bin/../lib/gcc/arm-atollic-eabi/6.3.1/../../../../arm-atollic-eabi/lib/armv7e-m/fpu\libm.a(lib_a-s_rint.o)
 .rodata._global_impure_ptr
                0x0806bc50        0x4 c:/program files/atollic/truestudio for stm32 9.0.1/armtools/bin/../lib/gcc/arm-atollic-eabi/6.3.1/../../../../arm-atollic-eabi/lib/armv7e-m/fpu\libc_nano.a(lib_a-impure.o)
                0x0806bc50                _global_impure_ptr
 .rodata._svfprintf_r.str1.1
                0x0806bc54       0x11 c:/program files/atollic/truestudio for stm32 9.0.1/armtools/bin/../lib/gcc/arm-atollic-eabi/6.3.1/../../../../arm-atollic-eabi/lib/armv7e-m/fpu\libc_nano.a(lib_a-nano-svfprintf.o)
 .rodata._printf_i.str1.1
                0x0806bc65       0x22 c:/program files/atollic/truestudio for stm32 9.0.1/armtools/bin/../lib/gcc/arm-atollic-eabi/6.3.1/../../../../arm-atollic-eabi/lib/armv7e-m/fpu\libc_nano.a(lib_a-nano-vfprintf_i.o)
                0x0806bc88                . = ALIGN (0x4)
 *fill*         0x0806bc87        0x1 

.rel.dyn        0x0806bc88        0x0
 .rel.iplt      0x0806bc88        0x0 c:/program files/atollic/truestudio for stm32 9.0.1/armtools/bin/../lib/gcc/arm-atollic-eabi/6.3.1/armv7e-m/fpu/crtbegin.o

.ARM.extab
 *(.ARM.extab* .gnu.linkonce.armextab.*)

.ARM            0x0806bc88        0x0
                0x0806bc88                __exidx_start = .
 *(.ARM.exidx*)
                0x0806bc88                __exidx_end = .

.preinit_array  0x0806bc88        0x0
                0x0806bc88                PROVIDE (__preinit_array_start, .)
 *(.preinit_array*)
                0x0806bc88                PROVIDE (__preinit_array_end, .)

.init_array     0x0806bc88        0x4
                0x0806bc88                PROVIDE (__init_array_start, .)
 *(SORT(.init_array.*))
 *(.init_array*)
 .init_array    0x0806bc88        0x4 c:/program files/atollic/truestudio for stm32 9.0.1/armtools/bin/../lib/gcc/arm-atollic-eabi/6.3.1/armv7e-m/fpu/crtbegin.o
                0x0806bc8c                PROVIDE (__init_array_end, .)

.fini_array     0x0806bc8c        0x4
                [!provide]                PROVIDE (__fini_array_start, .)
 *(SORT(.fini_array.*))
 *(.fini_array*)
 .fini_array    0x0806bc8c        0x4 c:/program files/atollic/truestudio for stm32 9.0.1/armtools/bin/../lib/gcc/arm-atollic-eabi/6.3.1/armv7e-m/fpu/crtbegin.o
                [!provide]                PROVIDE (__fini_array_end, .)
                0x0806bc90                _sidata = LOADADDR (.data)

.data           0x20000000       0x98 load address 0x0806bc90
                0x20000000                . = ALIGN (0x4)
                0x20000000                _sdata = .
 *(.data)
 .data          0x20000000        0x0 c:/program files/atollic/truestudio for stm32 9.0.1/armtools/bin/../lib/gcc/arm-atollic-eabi/6.3.1/armv7e-m/fpu/crti.o
 .data          0x20000000        0x4 c:/program files/atollic/truestudio for stm32 9.0.1/armtools/bin/../lib/gcc/arm-atollic-eabi/6.3.1/armv7e-m/fpu/crtbegin.o
                0x20000000                __dso_handle
 .data          0x20000004        0x0 helix\mp3dec.o
 .data          0x20000004        0x0 helix\mp3tabs.o
 .data          0x20000004        0x0 helix\real\bitstream.o
 .data          0x20000004        0x0 helix\real\buffers.o
 .data          0x20000004        0x0 helix\real\dct32.o
 .data          0x20000004        0x0 helix\real\dequant.o
 .data          0x20000004        0x0 helix\real\dqchan.o
 .data          0x20000004        0x0 helix\real\huffman.o
 .data          0x20000004        0x0 helix\real\hufftabs.o
 .data          0x20000004        0x0 helix\real\imdct.o
 .data          0x20000004        0x0 helix\real\polyphase.o
 .data          0x20000004        0x0 helix\real\scalfact.o
 .data          0x20000004        0x0 helix\real\stproc.o
 .data          0x20000004        0x0 helix\real\subband.o
 .data          0x20000004        0x0 helix\real\trigtabs_fixpt.o
 .data          0x20000004        0x0 lib\src\peripherals\misc.o
 .data          0x20000004        0x0 lib\src\peripherals\stm32f4xx_adc.o
 .data          0x20000004        0x0 lib\src\peripherals\stm32f4xx_can.o
 .data          0x20000004        0x0 lib\src\peripherals\stm32f4xx_crc.o
 .data          0x20000004        0x0 lib\src\peripherals\stm32f4xx_cryp.o
 .data          0x20000004        0x0 lib\src\peripherals\stm32f4xx_cryp_aes.o
 .data          0x20000004        0x0 lib\src\peripherals\stm32f4xx_cryp_des.o
 .data          0x20000004        0x0 lib\src\peripherals\stm32f4xx_cryp_tdes.o
 .data          0x20000004        0x0 lib\src\peripherals\stm32f4xx_dac.o
 .data          0x20000004        0x0 lib\src\peripherals\stm32f4xx_dbgmcu.o
 .data          0x20000004        0x0 lib\src\peripherals\stm32f4xx_dcmi.o
 .data          0x20000004        0x0 lib\src\peripherals\stm32f4xx_dma.o
 .data          0x20000004        0x0 lib\src\peripherals\stm32f4xx_exti.o
 .data          0x20000004        0x0 lib\src\peripherals\stm32f4xx_flash.o
 .data          0x20000004        0x0 lib\src\peripherals\stm32f4xx_fsmc.o
 .data          0x20000004        0x0 lib\src\peripherals\stm32f4xx_gpio.o
 .data          0x20000004        0x0 lib\src\peripherals\stm32f4xx_hash.o
 .data          0x20000004        0x0 lib\src\peripherals\stm32f4xx_hash_md5.o
 .data          0x20000004        0x0 lib\src\peripherals\stm32f4xx_hash_sha1.o
 .data          0x20000004        0x0 lib\src\peripherals\stm32f4xx_i2c.o
 .data          0x20000004        0x0 lib\src\peripherals\stm32f4xx_iwdg.o
 .data          0x20000004        0x0 lib\src\peripherals\stm32f4xx_pwr.o
 .data          0x20000004       0x10 lib\src\peripherals\stm32f4xx_rcc.o
 .data          0x20000014        0x0 lib\src\peripherals\stm32f4xx_rng.o
 .data          0x20000014        0x0 lib\src\peripherals\stm32f4xx_rtc.o
 .data          0x20000014        0x0 lib\src\peripherals\stm32f4xx_sdio.o
 .data          0x20000014        0x0 lib\src\peripherals\stm32f4xx_spi.o
 .data          0x20000014        0x0 lib\src\peripherals\stm32f4xx_syscfg.o
 .data          0x20000014        0x0 lib\src\peripherals\stm32f4xx_tim.o
 .data          0x20000014        0x0 lib\src\peripherals\stm32f4xx_usart.o
 .data          0x20000014        0x0 lib\src\peripherals\stm32f4xx_wwdg.o
 .data          0x20000014        0x0 lib\startup_stm32f4xx.o
 .data          0x20000014        0x0 src\Audio.o
 .data          0x20000014        0x8 src\main.o
 .data          0x2000001c        0x0 src\mp3_data.o
 .data          0x2000001c        0x0 src\stm32f4xx_it.o
 .data          0x2000001c        0x0 src\syscalls.o
 .data          0x2000001c       0x14 src\system_stm32f4xx.o
                0x2000001c                SystemCoreClock
                0x20000020                AHBPrescTable
 .data          0x20000030        0x0 src\utils.o
 .data          0x20000030        0x0 c:/program files/atollic/truestudio for stm32 9.0.1/armtools/bin/../lib/gcc/arm-atollic-eabi/6.3.1/../../../../arm-atollic-eabi/lib/armv7e-m/fpu\libm.a(lib_a-sf_floor.o)
 .data          0x20000030        0x0 c:/program files/atollic/truestudio for stm32 9.0.1/armtools/bin/../lib/gcc/arm-atollic-eabi/6.3.1/../../../../arm-atollic-eabi/lib/armv7e-m/fpu\libm.a(lib_a-wf_pow.o)
 .data          0x20000030        0x0 c:/program files/atollic/truestudio for stm32 9.0.1/armtools/bin/../lib/gcc/arm-atollic-eabi/6.3.1/../../../../arm-atollic-eabi/lib/armv7e-m/fpu\libm.a(lib_a-ef_pow.o)
 .data          0x20000030        0x0 c:/program files/atollic/truestudio for stm32 9.0.1/armtools/bin/../lib/gcc/arm-atollic-eabi/6.3.1/../../../../arm-atollic-eabi/lib/armv7e-m/fpu\libm.a(lib_a-ef_sqrt.o)
 .data          0x20000030        0x0 c:/program files/atollic/truestudio for stm32 9.0.1/armtools/bin/../lib/gcc/arm-atollic-eabi/6.3.1/../../../../arm-atollic-eabi/lib/armv7e-m/fpu\libm.a(lib_a-s_lib_ver.o)
 .data          0x20000030        0x0 c:/program files/atollic/truestudio for stm32 9.0.1/armtools/bin/../lib/gcc/arm-atollic-eabi/6.3.1/../../../../arm-atollic-eabi/lib/armv7e-m/fpu\libm.a(lib_a-s_matherr.o)
 .data          0x20000030        0x0 c:/program files/atollic/truestudio for stm32 9.0.1/armtools/bin/../lib/gcc/arm-atollic-eabi/6.3.1/../../../../arm-atollic-eabi/lib/armv7e-m/fpu\libm.a(lib_a-s_rint.o)
 .data          0x20000030        0x0 c:/program files/atollic/truestudio for stm32 9.0.1/armtools/bin/../lib/gcc/arm-atollic-eabi/6.3.1/../../../../arm-atollic-eabi/lib/armv7e-m/fpu\libm.a(lib_a-sf_fabs.o)
 .data          0x20000030        0x0 c:/program files/atollic/truestudio for stm32 9.0.1/armtools/bin/../lib/gcc/arm-atollic-eabi/6.3.1/../../../../arm-atollic-eabi/lib/armv7e-m/fpu\libm.a(lib_a-sf_finite.o)
 .data          0x20000030        0x0 c:/program files/atollic/truestudio for stm32 9.0.1/armtools/bin/../lib/gcc/arm-atollic-eabi/6.3.1/../../../../arm-atollic-eabi/lib/armv7e-m/fpu\libm.a(lib_a-sf_nan.o)
 .data          0x20000030        0x0 c:/program files/atollic/truestudio for stm32 9.0.1/armtools/bin/../lib/gcc/arm-atollic-eabi/6.3.1/../../../../arm-atollic-eabi/lib/armv7e-m/fpu\libm.a(lib_a-sf_scalbn.o)
 .data          0x20000030        0x0 c:/program files/atollic/truestudio for stm32 9.0.1/armtools/bin/../lib/gcc/arm-atollic-eabi/6.3.1/../../../../arm-atollic-eabi/lib/armv7e-m/fpu\libm.a(lib_a-sf_copysign.o)
 .data          0x20000030        0x0 c:/program files/atollic/truestudio for stm32 9.0.1/armtools/bin/../lib/gcc/arm-atollic-eabi/6.3.1/../../../../arm-atollic-eabi/lib/armv7e-m/fpu\libc_nano.a(lib_a-init.o)
 .data          0x20000030        0x0 c:/program files/atollic/truestudio for stm32 9.0.1/armtools/bin/../lib/gcc/arm-atollic-eabi/6.3.1/../../../../arm-atollic-eabi/lib/armv7e-m/fpu\libc_nano.a(lib_a-memcpy-stub.o)
 .data          0x20000030        0x0 c:/program files/atollic/truestudio for stm32 9.0.1/armtools/bin/../lib/gcc/arm-atollic-eabi/6.3.1/../../../../arm-atollic-eabi/lib/armv7e-m/fpu\libc_nano.a(lib_a-memmove.o)
 .data          0x20000030        0x0 c:/program files/atollic/truestudio for stm32 9.0.1/armtools/bin/../lib/gcc/arm-atollic-eabi/6.3.1/../../../../arm-atollic-eabi/lib/armv7e-m/fpu\libc_nano.a(lib_a-sprintf.o)
 .data          0x20000030        0x0 c:/program files/atollic/truestudio for stm32 9.0.1/armtools/bin/../lib/gcc/arm-atollic-eabi/6.3.1/../../../../arm-atollic-eabi/lib/armv7e-m/fpu\libc_nano.a(lib_a-impure.o)
 .data          0x20000030        0x0 c:/program files/atollic/truestudio for stm32 9.0.1/armtools/bin/../lib/gcc/arm-atollic-eabi/6.3.1/../../../../arm-atollic-eabi/lib/armv7e-m/fpu\libc_nano.a(lib_a-nano-svfprintf.o)
 .data          0x20000030        0x0 c:/program files/atollic/truestudio for stm32 9.0.1/armtools/bin/../lib/gcc/arm-atollic-eabi/6.3.1/../../../../arm-atollic-eabi/lib/armv7e-m/fpu\libc_nano.a(lib_a-nano-vfprintf_i.o)
 .data          0x20000030        0x0 c:/program files/atollic/truestudio for stm32 9.0.1/armtools/bin/../lib/gcc/arm-atollic-eabi/6.3.1/../../../../arm-atollic-eabi/lib/armv7e-m/fpu\libc_nano.a(lib_a-memchr.o)
 .data          0x20000030        0x0 c:/program files/atollic/truestudio for stm32 9.0.1/armtools/bin/../lib/gcc/arm-atollic-eabi/6.3.1/../../../../arm-atollic-eabi/lib/armv7e-m/fpu\libc_nano.a(lib_a-nano-freer.o)
 .data          0x20000030        0x0 c:/program files/atollic/truestudio for stm32 9.0.1/armtools/bin/../lib/gcc/arm-atollic-eabi/6.3.1/../../../../arm-atollic-eabi/lib/armv7e-m/fpu\libc_nano.a(lib_a-nano-mallocr.o)
 .data          0x20000030        0x0 c:/program files/atollic/truestudio for stm32 9.0.1/armtools/bin/../lib/gcc/arm-atollic-eabi/6.3.1/../../../../arm-atollic-eabi/lib/armv7e-m/fpu\libc_nano.a(lib_a-nano-reallocr.o)
 .data          0x20000030        0x0 c:/program files/atollic/truestudio for stm32 9.0.1/armtools/bin/../lib/gcc/arm-atollic-eabi/6.3.1/../../../../arm-atollic-eabi/lib/armv7e-m/fpu\libc_nano.a(lib_a-mlock.o)
 .data          0x20000030        0x0 c:/program files/atollic/truestudio for stm32 9.0.1/armtools/bin/../lib/gcc/arm-atollic-eabi/6.3.1/../../../../arm-atollic-eabi/lib/armv7e-m/fpu\libc_nano.a(lib_a-nano-msizer.o)
 .data          0x20000030        0x0 c:/program files/atollic/truestudio for stm32 9.0.1/armtools/bin/../lib/gcc/arm-atollic-eabi/6.3.1/armv7e-m/fpu\libgcc.a(_arm_addsubdf3.o)
 .data          0x20000030        0x0 c:/program files/atollic/truestudio for stm32 9.0.1/armtools/bin/../lib/gcc/arm-atollic-eabi/6.3.1/armv7e-m/fpu\libgcc.a(_arm_muldivdf3.o)
 .data          0x20000030        0x0 c:/program files/atollic/truestudio for stm32 9.0.1/armtools/bin/../lib/gcc/arm-atollic-eabi/6.3.1/armv7e-m/fpu\libgcc.a(_arm_cmpdf2.o)
 .data          0x20000030        0x0 c:/program files/atollic/truestudio for stm32 9.0.1/armtools/bin/../lib/gcc/arm-atollic-eabi/6.3.1/armv7e-m/fpu\libgcc.a(_arm_truncdfsf2.o)
 .data          0x20000030        0x0 c:/program files/atollic/truestudio for stm32 9.0.1/armtools/bin/../lib/gcc/arm-atollic-eabi/6.3.1/armv7e-m/fpu/crtend.o
 .data          0x20000030        0x0 c:/program files/atollic/truestudio for stm32 9.0.1/armtools/bin/../lib/gcc/arm-atollic-eabi/6.3.1/armv7e-m/fpu/crtn.o
 *(.data*)
 .data.__fdlib_version
                0x20000030        0x1 c:/program files/atollic/truestudio for stm32 9.0.1/armtools/bin/../lib/gcc/arm-atollic-eabi/6.3.1/../../../../arm-atollic-eabi/lib/armv7e-m/fpu\libm.a(lib_a-s_lib_ver.o)
                0x20000030                __fdlib_version
 *fill*         0x20000031        0x3 
 .data._impure_ptr
                0x20000034        0x4 c:/program files/atollic/truestudio for stm32 9.0.1/armtools/bin/../lib/gcc/arm-atollic-eabi/6.3.1/../../../../arm-atollic-eabi/lib/armv7e-m/fpu\libc_nano.a(lib_a-impure.o)
                0x20000034                _impure_ptr
 .data.impure_data
                0x20000038       0x60 c:/program files/atollic/truestudio for stm32 9.0.1/armtools/bin/../lib/gcc/arm-atollic-eabi/6.3.1/../../../../arm-atollic-eabi/lib/armv7e-m/fpu\libc_nano.a(lib_a-impure.o)
                0x20000098                . = ALIGN (0x4)
                0x20000098                _edata = .
                0x0806bd28                _siccmram = LOADADDR (.ccmram)

.igot.plt       0x20000098        0x0 load address 0x0806bd28
 .igot.plt      0x20000098        0x0 c:/program files/atollic/truestudio for stm32 9.0.1/armtools/bin/../lib/gcc/arm-atollic-eabi/6.3.1/armv7e-m/fpu/crtbegin.o

.ccmram         0x10000000        0x0 load address 0x0806bd28
                0x10000000                . = ALIGN (0x4)
                0x10000000                _sccmram = .
 *(.ccmram)
 *(.ccmram*)
                0x10000000                . = ALIGN (0x4)
                0x10000000                _eccmram = .
                0x10000000                . = ALIGN (0x4)

.bss            0x20000098     0x9dd8
                0x20000098                _sbss = .
                0x20000098                __bss_start__ = _sbss
 *(.bss)
 .bss           0x20000098        0x0 c:/program files/atollic/truestudio for stm32 9.0.1/armtools/bin/../lib/gcc/arm-atollic-eabi/6.3.1/armv7e-m/fpu/crti.o
 .bss           0x20000098       0x1c c:/program files/atollic/truestudio for stm32 9.0.1/armtools/bin/../lib/gcc/arm-atollic-eabi/6.3.1/armv7e-m/fpu/crtbegin.o
 .bss           0x200000b4        0x0 helix\mp3dec.o
 .bss           0x200000b4        0x0 helix\mp3tabs.o
 .bss           0x200000b4        0x0 helix\real\bitstream.o
 .bss           0x200000b4     0x5d08 helix\real\buffers.o
 .bss           0x20005dbc        0x0 helix\real\dct32.o
 .bss           0x20005dbc        0x0 helix\real\dequant.o
 .bss           0x20005dbc        0x0 helix\real\dqchan.o
 .bss           0x20005dbc        0x0 helix\real\huffman.o
 .bss           0x20005dbc        0x0 helix\real\hufftabs.o
 .bss           0x20005dbc        0x0 helix\real\imdct.o
 .bss           0x20005dbc        0x0 helix\real\polyphase.o
 .bss           0x20005dbc        0x0 helix\real\scalfact.o
 .bss           0x20005dbc        0x0 helix\real\stproc.o
 .bss           0x20005dbc        0x0 helix\real\subband.o
 .bss           0x20005dbc        0x0 helix\real\trigtabs_fixpt.o
 .bss           0x20005dbc        0x0 lib\src\peripherals\misc.o
 .bss           0x20005dbc        0x0 lib\src\peripherals\stm32f4xx_adc.o
 .bss           0x20005dbc        0x0 lib\src\peripherals\stm32f4xx_can.o
 .bss           0x20005dbc        0x0 lib\src\peripherals\stm32f4xx_crc.o
 .bss           0x20005dbc        0x0 lib\src\peripherals\stm32f4xx_cryp.o
 .bss           0x20005dbc        0x0 lib\src\peripherals\stm32f4xx_cryp_aes.o
 .bss           0x20005dbc        0x0 lib\src\peripherals\stm32f4xx_cryp_des.o
 .bss           0x20005dbc        0x0 lib\src\peripherals\stm32f4xx_cryp_tdes.o
 .bss           0x20005dbc        0x0 lib\src\peripherals\stm32f4xx_dac.o
 .bss           0x20005dbc        0x0 lib\src\peripherals\stm32f4xx_dbgmcu.o
 .bss           0x20005dbc        0x0 lib\src\peripherals\stm32f4xx_dcmi.o
 .bss           0x20005dbc        0x0 lib\src\peripherals\stm32f4xx_dma.o
 .bss           0x20005dbc        0x0 lib\src\peripherals\stm32f4xx_exti.o
 .bss           0x20005dbc        0x0 lib\src\peripherals\stm32f4xx_flash.o
 .bss           0x20005dbc        0x0 lib\src\peripherals\stm32f4xx_fsmc.o
 .bss           0x20005dbc        0x0 lib\src\peripherals\stm32f4xx_gpio.o
 .bss           0x20005dbc        0x0 lib\src\peripherals\stm32f4xx_hash.o
 .bss           0x20005dbc        0x0 lib\src\peripherals\stm32f4xx_hash_md5.o
 .bss           0x20005dbc        0x0 lib\src\peripherals\stm32f4xx_hash_sha1.o
 .bss           0x20005dbc        0x0 lib\src\peripherals\stm32f4xx_i2c.o
 .bss           0x20005dbc        0x0 lib\src\peripherals\stm32f4xx_iwdg.o
 .bss           0x20005dbc        0x0 lib\src\peripherals\stm32f4xx_pwr.o
 .bss           0x20005dbc        0x0 lib\src\peripherals\stm32f4xx_rcc.o
 .bss           0x20005dbc        0x0 lib\src\peripherals\stm32f4xx_rng.o
 .bss           0x20005dbc        0x0 lib\src\peripherals\stm32f4xx_rtc.o
 .bss           0x20005dbc        0x0 lib\src\peripherals\stm32f4xx_sdio.o
 .bss           0x20005dbc        0x0 lib\src\peripherals\stm32f4xx_spi.o
 .bss           0x20005dbc        0x0 lib\src\peripherals\stm32f4xx_syscfg.o
 .bss           0x20005dbc        0x0 lib\src\peripherals\stm32f4xx_tim.o
 .bss           0x20005dbc        0x0 lib\src\peripherals\stm32f4xx_usart.o
 .bss           0x20005dbc        0x0 lib\src\peripherals\stm32f4xx_wwdg.o
 .bss           0x20005dbc        0x0 lib\startup_stm32f4xx.o
 .bss           0x20005dbc       0x15 src\Audio.o
 *fill*         0x20005dd1        0x3 
 .bss           0x20005dd4     0x4000 src\main.o
 .bss           0x20009dd4        0x0 src\mp3_data.o
 .bss           0x20009dd4        0x0 src\stm32f4xx_it.o
 .bss           0x20009dd4        0x4 src\syscalls.o
 .bss           0x20009dd8        0x0 src\system_stm32f4xx.o
 .bss           0x20009dd8       0x64 src\utils.o
 .bss           0x20009e3c        0x0 c:/program files/atollic/truestudio for stm32 9.0.1/armtools/bin/../lib/gcc/arm-atollic-eabi/6.3.1/../../../../arm-atollic-eabi/lib/armv7e-m/fpu\libm.a(lib_a-sf_floor.o)
 .bss           0x20009e3c        0x0 c:/program files/atollic/truestudio for stm32 9.0.1/armtools/bin/../lib/gcc/arm-atollic-eabi/6.3.1/../../../../arm-atollic-eabi/lib/armv7e-m/fpu\libm.a(lib_a-wf_pow.o)
 .bss           0x20009e3c        0x0 c:/program files/atollic/truestudio for stm32 9.0.1/armtools/bin/../lib/gcc/arm-atollic-eabi/6.3.1/../../../../arm-atollic-eabi/lib/armv7e-m/fpu\libm.a(lib_a-ef_pow.o)
 .bss           0x20009e3c        0x0 c:/program files/atollic/truestudio for stm32 9.0.1/armtools/bin/../lib/gcc/arm-atollic-eabi/6.3.1/../../../../arm-atollic-eabi/lib/armv7e-m/fpu\libm.a(lib_a-ef_sqrt.o)