core_cm4.h:1071:22:NVIC_EnableIRQ	16	static
core_cm4.h:1085:22:NVIC_DisableIRQ	16	static
core_cm4.h:1156:22:NVIC_SetPriority	16	static
Audio.c:18:6:InitializeAudio	48	static
Audio.c:149:6:AudioOn	8	static
Audio.c:155:6:AudioOff	8	static
Audio.c:160:6:SetAudioVolume	16	static
Audio.c:165:6:OutputAudioSample	16	static
Audio.c:171:6:OutputAudioSampleWithoutBlocking	16	static
Audio.c:175:6:PlayAudioWithCallback	16	static
Audio.c:191:6:StopAudio	8	static
Audio.c:198:6:ProvideAudioBuffer	16	static
Audio.c:203:6:ProvideAudioBufferWithoutBlocking	16	static
Audio.c:220:13:WriteRegister	16	static
Audio.c:244:13:StartAudioDMAAndRequestBuffers	8	static
Audio.c:269:13:StopAudioDMA	4	static
Audio.c:277:6:DMA1_Stream7_IRQHandler	8	static
